<html>
<body>
<pre>
<h1>µVision Build Log</h1>
<h2>Tool Versions:</h2>
IDE-Version: µVision V5.29.0.0
Copyright (C) 2019 ARM Ltd and ARM Germany GmbH. All rights reserved.
License Information: Aleksandre Kalandadze, Meama LLC, LIC=VGXG8-3LSFF-WFRI7-EKEFJ-L72GM-I1R9D
 
Tool Versions:
Toolchain:       MDK-ARM Plus  Version: 5.29.0.0
Toolchain Path:  C:\Keil_v5\ARM\ARMCC\Bin
C Compiler:      Armcc.exe V5.06 update 6 (build 750)
Assembler:       Armasm.exe V5.06 update 6 (build 750)
Linker/Locator:  ArmLink.exe V5.06 update 6 (build 750)
Library Manager: ArmAr.exe V5.06 update 6 (build 750)
Hex Converter:   FromElf.exe V5.06 update 6 (build 750)
CPU DLL:         SARMCM3.DLL V5.29.0.0
Dialog DLL:      DARMCM1.DLL V1.19.2.0
Target DLL:      STLink\ST-LINKIII-KEIL_SWO.dll V3.0.7.0
Dialog DLL:      TARMCM1.DLL V1.14.1.0
 
<h2>Project:</h2>
C:\Users\Dell\Desktop\CubeMx\Coffee_Machine_OS\Coffee_Machine_OS\MDK-ARM\Coffee_Machine_OS.uvprojx
Project File Date:  12/20/2022

<h2>Output:</h2>
*** Using Compiler 'V5.06 update 6 (build 750)', folder: 'C:\Keil_v5\ARM\ARMCC\Bin'
Build target 'Coffee_Machine_OS'
compiling ntc.c...
compiling sleep.c...
compiling brewing_process.c...
compiling zero_crosss.c...
compiling button_driver.c...
compiling main_process.c...
compiling buzzer.c...
compiling led_driver.c...
..\Core\Src\led_driver.c(47): warning:  #177-D: function "led_turn_on_func"  was declared but never referenced
  static void led_turn_on_func(void)
..\Core\Src\led_driver.c(65): warning:  #177-D: function "led_toggle_all"  was declared but never referenced
  static void led_toggle_all(void)
..\Core\Src\led_driver.c: 2 warnings, 0 errors
compiling stm32f0xx_it.c...
compiling freertos.c...
compiling boiler.c...
compiling pump.c...
compiling stm32f0xx_hal_msp.c...
compiling main.c...
../Core/Src/main.c(547): warning:  #177-D: variable "evnt"  was declared but never referenced
  	uint32_t evnt = 0;
../Core/Src/main.c(548): warning:  #550-D: variable "sleep_timeout_val"  was set but never used
  	uint32_t sleep_timeout_val = 0;
../Core/Src/main.c: 2 warnings, 0 errors
linking...
Program Size: Code=14824 RO-data=924 RW-data=160 ZI-data=7528  
FromELF: creating hex file...
"Coffee_Machine_OS\Coffee_Machine_OS.axf" - 0 Error(s), 4 Warning(s).

<h2>Software Packages used:</h2>

Package Vendor: ARM
                http://www.keil.com/pack/ARM.CMSIS.5.7.0.pack
                ARM.CMSIS.5.7.0
                CMSIS (Cortex Microcontroller Software Interface Standard)
   * Component: CORE Version: 5.4.0

Package Vendor: Keil
                http://www.keil.com/pack/Keil.STM32F0xx_DFP.2.0.0.pack
                Keil.STM32F0xx_DFP.2.0.0
                STMicroelectronics STM32F0 Series Device Support, Drivers and Examples

<h2>Collection of Component include folders:</h2>
  .\RTE\_Coffee_Machine_OS
  C:\Users\Dell\AppData\Local\Arm\Packs\ARM\CMSIS\5.7.0\CMSIS\Core\Include
  C:\Users\Dell\AppData\Local\Arm\Packs\Keil\STM32F0xx_DFP\2.0.0\Drivers\CMSIS\Device\ST\STM32F0xx\Include

<h2>Collection of Component Files used:</h2>

   * Component: ARM::CMSIS:CORE:5.4.0
Build Time Elapsed:  00:00:02
</pre>
</body>
</html>
