Component: ARM Compiler 5.06 update 6 (build 750) Tool: armlink [4d35ed]

==============================================================================

Section Cross References

    startup_stm32f030x8.o(STACK) refers (Special) to heapauxi.o(.text) for __use_two_region_memory
    startup_stm32f030x8.o(HEAP) refers (Special) to heapauxi.o(.text) for __use_two_region_memory
    startup_stm32f030x8.o(RESET) refers (Special) to heapauxi.o(.text) for __use_two_region_memory
    startup_stm32f030x8.o(RESET) refers to startup_stm32f030x8.o(STACK) for __initial_sp
    startup_stm32f030x8.o(RESET) refers to startup_stm32f030x8.o(.text) for Reset_Handler
    startup_stm32f030x8.o(RESET) refers to stm32f0xx_it.o(i.NMI_Handler) for NMI_Handler
    startup_stm32f030x8.o(RESET) refers to stm32f0xx_it.o(i.HardFault_Handler) for HardFault_Handler
    startup_stm32f030x8.o(RESET) refers to port.o(i.SVC_Handler) for SVC_Handler
    startup_stm32f030x8.o(RESET) refers to port.o(.emb_text) for PendSV_Handler
    startup_stm32f030x8.o(RESET) refers to port.o(i.SysTick_Handler) for SysTick_Handler
    startup_stm32f030x8.o(RESET) refers to stm32f0xx_it.o(i.EXTI2_3_IRQHandler) for EXTI2_3_IRQHandler
    startup_stm32f030x8.o(RESET) refers to stm32f0xx_it.o(i.EXTI4_15_IRQHandler) for EXTI4_15_IRQHandler
    startup_stm32f030x8.o(RESET) refers to stm32f0xx_it.o(i.TIM1_BRK_UP_TRG_COM_IRQHandler) for TIM1_BRK_UP_TRG_COM_IRQHandler
    startup_stm32f030x8.o(RESET) refers to stm32f0xx_it.o(i.TIM6_IRQHandler) for TIM6_IRQHandler
    startup_stm32f030x8.o(RESET) refers to stm32f0xx_it.o(i.TIM14_IRQHandler) for TIM14_IRQHandler
    startup_stm32f030x8.o(.text) refers (Special) to heapauxi.o(.text) for __use_two_region_memory
    startup_stm32f030x8.o(.text) refers to system_stm32f0xx.o(i.SystemInit) for SystemInit
    startup_stm32f030x8.o(.text) refers to __main.o(!!!main) for __main
    startup_stm32f030x8.o(.text) refers to startup_stm32f030x8.o(HEAP) for Heap_Mem
    startup_stm32f030x8.o(.text) refers to startup_stm32f030x8.o(STACK) for Stack_Mem
    led_driver.o(i.led_Reset_all) refers to stm32f0xx_hal_gpio.o(i.HAL_GPIO_WritePin) for HAL_GPIO_WritePin
    led_driver.o(i.led_function_button_blink) refers to led_driver.o(i.led_Reset_all) for led_Reset_all
    led_driver.o(i.led_function_button_blink) refers to stm32f0xx_hal_gpio.o(i.HAL_GPIO_WritePin) for HAL_GPIO_WritePin
    led_driver.o(i.led_handler) refers to led_driver.o(i.led_heat_up) for led_heat_up
    led_driver.o(i.led_handler) refers to led_driver.o(i.led_function_button_blink) for led_function_button_blink
    led_driver.o(i.led_handler) refers to led_driver.o(i.serve_process_button_blink) for serve_process_button_blink
    led_driver.o(i.led_handler) refers to led_driver.o(i.led_Reset_all) for led_Reset_all
    led_driver.o(i.led_handler) refers to stm32f0xx_hal_gpio.o(i.HAL_GPIO_WritePin) for HAL_GPIO_WritePin
    led_driver.o(i.led_handler) refers to cmsis_os2.o(i.osDelay) for osDelay
    led_driver.o(i.led_heat_up) refers to stm32f0xx_hal_gpio.o(i.HAL_GPIO_WritePin) for HAL_GPIO_WritePin
    led_driver.o(i.led_heat_up) refers to cmsis_os2.o(i.osDelay) for osDelay
    led_driver.o(i.led_heat_up) refers to stm32f0xx_hal_gpio.o(i.HAL_GPIO_TogglePin) for HAL_GPIO_TogglePin
    led_driver.o(i.led_heat_up) refers to cmsis_os2.o(i.osThreadFlagsGet) for osThreadFlagsGet
    led_driver.o(i.serve_process_button_blink) refers to led_driver.o(i.led_Reset_all) for led_Reset_all
    led_driver.o(i.serve_process_button_blink) refers to stm32f0xx_hal_gpio.o(i.HAL_GPIO_WritePin) for HAL_GPIO_WritePin
    led_driver.o(i.serve_process_button_blink) refers to stm32f0xx_hal_gpio.o(i.HAL_GPIO_TogglePin) for HAL_GPIO_TogglePin
    led_driver.o(i.serve_process_button_blink) refers to cmsis_os2.o(i.osDelay) for osDelay
    led_driver.o(i.serve_process_button_blink) refers to cmsis_os2.o(i.osThreadFlagsGet) for osThreadFlagsGet
    button_driver.o(i.button_handler) refers to cmsis_os2.o(i.osDelay) for osDelay
    button_driver.o(i.button_handler) refers to stm32f0xx_hal_gpio.o(i.HAL_GPIO_ReadPin) for HAL_GPIO_ReadPin
    button_driver.o(i.button_handler) refers to button_driver.o(i.check_button_press_validity) for check_button_press_validity
    button_driver.o(i.button_handler) refers to cmsis_os2.o(i.osThreadFlagsSet) for osThreadFlagsSet
    button_driver.o(i.button_handler) refers to main.o(.data) for ledhandlertaskHandle
    button_driver.o(i.check_button_press_validity) refers to stm32f0xx_hal_gpio.o(i.HAL_GPIO_ReadPin) for HAL_GPIO_ReadPin
    button_driver.o(i.check_prog_mode) refers to button_driver.o(i.check_button_press_validity) for check_button_press_validity
    button_driver.o(i.check_prog_mode) refers to stm32f0xx_hal_gpio.o(i.HAL_GPIO_ReadPin) for HAL_GPIO_ReadPin
    button_driver.o(i.check_prog_mode) refers to cmsis_os2.o(i.osThreadFlagsSet) for osThreadFlagsSet
    button_driver.o(i.check_prog_mode) refers to main.o(.data) for maintaskHandle
[...]
    .ARM.Collect$$rtentry$$00000002          0x08000138   Section        0  __rtentry2.o(.ARM.Collect$$rtentry$$00000002)
    .ARM.Collect$$rtentry$$00000004          0x08000138   Section        6  __rtentry4.o(.ARM.Collect$$rtentry$$00000004)
    .ARM.Collect$$rtentry$$00000009          0x0800013e   Section        0  __rtentry2.o(.ARM.Collect$$rtentry$$00000009)
    .ARM.Collect$$rtentry$$0000000A          0x0800013e   Section        4  __rtentry2.o(.ARM.Collect$$rtentry$$0000000A)
    .ARM.Collect$$rtentry$$0000000C          0x08000142   Section        0  __rtentry2.o(.ARM.Collect$$rtentry$$0000000C)
    .ARM.Collect$$rtentry$$0000000D          0x08000142   Section        8  __rtentry2.o(.ARM.Collect$$rtentry$$0000000D)
    .ARM.Collect$$rtexit$$00000000           0x0800014a   Section        2  rtexit.o(.ARM.Collect$$rtexit$$00000000)
    .ARM.Collect$$rtexit$$00000002           0x0800014c   Section        0  rtexit2.o(.ARM.Collect$$rtexit$$00000002)
    .ARM.Collect$$rtexit$$00000003           0x0800014c   Section        4  rtexit2.o(.ARM.Collect$$rtexit$$00000003)
    .ARM.Collect$$rtexit$$00000004           0x08000150   Section        6  rtexit2.o(.ARM.Collect$$rtexit$$00000004)
    .emb_text                                0x08000158   Section      120  port.o(.emb_text)
    .emb_text                                0x080001d0   Section       56  rt_memcpy.o(.emb_text)
    .text                                    0x08000208   Section       56  startup_stm32f030x8.o(.text)
    .text                                    0x08000240   Section        0  lludiv.o(.text)
    .text                                    0x08000342   Section        0  rt_memcpy.o(.text)
    .text                                    0x080003c4   Section        0  aeabi_memset.o(.text)
    .text                                    0x080003d6   Section        0  rt_memclr.o(.text)
    .text                                    0x08000416   Section      346  aeabi_sdiv.o(.text)
    .text                                    0x08000570   Section        0  heapauxi.o(.text)
    .text                                    0x08000576   Section       62  sys_stackheap_outer.o(.text)
    .text                                    0x080005b4   Section        0  exit.o(.text)
    .text                                    0x080005c4   Section        8  libspace.o(.text)
    .text                                    0x080005cc   Section        0  sys_exit.o(.text)
    .text                                    0x080005d8   Section        2  use_no_semi.o(.text)
    .text                                    0x080005da   Section        0  indicate_semi.o(.text)
    i.ADC_Enable                             0x080005dc   Section        0  stm32f0xx_hal_adc.o(i.ADC_Enable)
    ADC_Enable                               0x080005dd   Thumb Code   130  stm32f0xx_hal_adc.o(i.ADC_Enable)
    i.ButtonHandler                          0x0800066c   Section        0  main.o(i.ButtonHandler)
    i.BuzzerHandler                          0x080006a0   Section        0  main.o(i.BuzzerHandler)
    i.Buzzer_Beep_TIM_handler                0x080006c4   Section        0  buzzer.o(i.Buzzer_Beep_TIM_handler)
    i.EXTI2_3_IRQHandler                     0x080006ec   Section        0  stm32f0xx_it.o(i.EXTI2_3_IRQHandler)
    i.EXTI4_15_IRQHandler                    0x080006f6   Section        0  stm32f0xx_it.o(i.EXTI4_15_IRQHandler)
    i.ErrorHandler                           0x08000738   Section        0  main.o(i.ErrorHandler)
    i.Get_NTC_Temp                           0x08000740   Section        0  ntc.o(i.Get_NTC_Temp)
    i.HAL_ADC_ConfigChannel                  0x080007a8   Section        0  stm32f0xx_hal_adc.o(i.HAL_ADC_ConfigChannel)
    i.HAL_ADC_GetValue                       0x080008b8   Section        0  stm32f0xx_hal_adc.o(i.HAL_ADC_GetValue)
    i.HAL_ADC_Init                           0x080008c0   Section        0  stm32f0xx_hal_adc.o(i.HAL_ADC_Init)
    i.HAL_ADC_MspInit                        0x08000a38   Section        0  stm32f0xx_hal_msp.o(i.HAL_ADC_MspInit)
    i.HAL_ADC_PollForConversion              0x08000a90   Section        0  stm32f0xx_hal_adc.o(i.HAL_ADC_PollForConversion)
    i.HAL_ADC_Start                          0x08000b58   Section        0  stm32f0xx_hal_adc.o(i.HAL_ADC_Start)
    i.HAL_GPIO_EXTI_Callback                 0x08000bb4   Section        0  main.o(i.HAL_GPIO_EXTI_Callback)
    i.HAL_GPIO_EXTI_IRQHandler               0x08000bd4   Section        0  stm32f0xx_hal_gpio.o(i.HAL_GPIO_EXTI_IRQHandler)
    i.HAL_GPIO_Init                          0x08000bec   Section        0  stm32f0xx_hal_gpio.o(i.HAL_GPIO_Init)
    i.HAL_GPIO_ReadPin                       0x08000d90   Section        0  stm32f0xx_hal_gpio.o(i.HAL_GPIO_ReadPin)
    i.HAL_GPIO_TogglePin                     0x08000d9a   Section        0  stm32f0xx_hal_gpio.o(i.HAL_GPIO_TogglePin)
    i.HAL_GPIO_WritePin                      0x08000daa   Section        0  stm32f0xx_hal_gpio.o(i.HAL_GPIO_WritePin)
    i.HAL_GetTick                            0x08000db8   Section        0  stm32f0xx_hal.o(i.HAL_GetTick)
    i.HAL_IncTick                            0x08000dc4   Section        0  stm32f0xx_hal.o(i.HAL_IncTick)
    i.HAL_Init                               0x08000dd4   Section        0  stm32f0xx_hal.o(i.HAL_Init)
    i.HAL_InitTick                           0x08000df4   Section        0  stm32f0xx_hal_timebase_tim.o(i.HAL_InitTick)
    i.HAL_MspInit                            0x08000e90   Section        0  stm32f0xx_hal_msp.o(i.HAL_MspInit)
    i.HAL_NVIC_EnableIRQ                     0x08000ec0   Section        0  stm32f0xx_hal_cortex.o(i.HAL_NVIC_EnableIRQ)
    i.HAL_NVIC_SetPriority                   0x08000ed8   Section        0  stm32f0xx_hal_cortex.o(i.HAL_NVIC_SetPriority)
    i.HAL_RCC_ClockConfig                    0x08000ee0   Section        0  stm32f0xx_hal_rcc.o(i.HAL_RCC_ClockConfig)
    i.HAL_RCC_GetClockConfig                 0x08000fe8   Section        0  stm32f0xx_hal_rcc.o(i.HAL_RCC_GetClockConfig)
    i.HAL_RCC_GetPCLK1Freq                   0x08001020   Section        0  stm32f0xx_hal_rcc.o(i.HAL_RCC_GetPCLK1Freq)
    i.HAL_RCC_GetSysClockFreq                0x08001040   Section        0  stm32f0xx_hal_rcc.o(i.HAL_RCC_GetSysClockFreq)
    i.HAL_RCC_OscConfig                      0x080010c0   Section        0  stm32f0xx_hal_rcc.o(i.HAL_RCC_OscConfig)
    i.HAL_TIMEx_BreakCallback                0x08001448   Section        0  stm32f0xx_hal_tim_ex.o(i.HAL_TIMEx_BreakCallback)
    i.HAL_TIMEx_CommutCallback               0x0800144a   Section        0  stm32f0xx_hal_tim_ex.o(i.HAL_TIMEx_CommutCallback)
    i.HAL_TIM_Base_Init                      0x0800144c   Section        0  stm32f0xx_hal_tim.o(i.HAL_TIM_Base_Init)
    i.HAL_TIM_Base_MspInit                   0x08001494   Section        0  stm32f0xx_hal_msp.o(i.HAL_TIM_Base_MspInit)
    i.HAL_TIM_Base_Start_IT                  0x080014f0   Section        0  stm32f0xx_hal_tim.o(i.HAL_TIM_Base_Start_IT)
    i.HAL_TIM_Base_Stop_IT                   0x08001540   Section        0  stm32f0xx_hal_tim.o(i.HAL_TIM_Base_Stop_IT)
    i.HAL_TIM_IC_CaptureCallback             0x08001574   Section        0  stm32f0xx_hal_tim.o(i.HAL_TIM_IC_CaptureCallback)
    i.HAL_TIM_IRQHandler                     0x08001576   Section        0  stm32f0xx_hal_tim.o(i.HAL_TIM_IRQHandler)
    i.HAL_TIM_OC_DelayElapsedCallback        0x080016d8   Section        0  stm32f0xx_hal_tim.o(i.HAL_TIM_OC_DelayElapsedCallback)
    i.HAL_TIM_PWM_PulseFinishedCallback      0x080016da   Section        0  stm32f0xx_hal_tim.o(i.HAL_TIM_PWM_PulseFinishedCallback)
    i.HAL_TIM_PeriodElapsedCallback          0x080016dc   Section        0  main.o(i.HAL_TIM_PeriodElapsedCallback)
    i.HAL_TIM_TriggerCallback                0x080016f8   Section        0  stm32f0xx_hal_tim.o(i.HAL_TIM_TriggerCallback)
    i.HardFault_Handler                      0x080016fa   Section        0  stm32f0xx_it.o(i.HardFault_Handler)
    i.LedHandler                             0x080016fc   Section        0  main.o(i.LedHandler)
    i.MX_ADC_Init                            0x08001724   Section        0  main.o(i.MX_ADC_Init)
    MX_ADC_Init                              0x08001725   Thumb Code    96  main.o(i.MX_ADC_Init)
    i.MX_GPIO_Init                           0x0800178c   Section        0  main.o(i.MX_GPIO_Init)
    MX_GPIO_Init                             0x0800178d   Thumb Code   332  main.o(i.MX_GPIO_Init)
    i.MainTaskHandler                        0x080018ec   Section        0  main.o(i.MainTaskHandler)
    i.NMI_Handler                            0x0800190a   Section        0  stm32f0xx_it.o(i.NMI_Handler)
    i.Process_Handler                        0x0800190c   Section        0  brewing_process.o(i.Process_Handler)
    i.SVC_Handler                            0x08001924   Section        0  port.o(i.SVC_Handler)
    i.SysTick_Handler                        0x08001928   Section        0  port.o(i.SysTick_Handler)
    i.SystemClock_Config                     0x0800194c   Section        0  main.o(i.SystemClock_Config)
    i.SystemInit                             0x080019ac   Section        0  system_stm32f0xx.o(i.SystemInit)
    i.TIM14_IRQHandler                       0x080019b0   Section        0  stm32f0xx_it.o(i.TIM14_IRQHandler)
    i.TIM1_BRK_UP_TRG_COM_IRQHandler         0x080019c0   Section        0  stm32f0xx_it.o(i.TIM1_BRK_UP_TRG_COM_IRQHandler)
    i.TIM6_IRQHandler                        0x080019d0   Section        0  stm32f0xx_it.o(i.TIM6_IRQHandler)
    i.TIM_Base_SetConfig                     0x080019e0   Section        0  stm32f0xx_hal_tim.o(i.TIM_Base_SetConfig)
    i.__ARM_common_ll_muluu                  0x08001a68   Section        0  stm32f0xx_hal_rcc.o(i.__ARM_common_ll_muluu)
    i.__ARM_common_switch8                   0x08001a98   Section        0  stm32f0xx_hal_dma.o(i.__ARM_common_switch8)
    i.__NVIC_SetPriority                     0x08001ab4   Section        0  stm32f0xx_hal_cortex.o(i.__NVIC_SetPriority)
    __NVIC_SetPriority                       0x08001ab5   Thumb Code    60  stm32f0xx_hal_cortex.o(i.__NVIC_SetPriority)
    i.boiler_Turn_Off                        0x08001af8   Section        0  boiler.o(i.boiler_Turn_Off)
    i.boiler_Turn_On                         0x08001b08   Section        0  boiler.o(i.boiler_Turn_On)
    i.boiler_handler                         0x08001b18   Section        0  boiler.o(i.boiler_handler)
    i.boiler_heat_up                         0x08001b50   Section        0  brewing_process.o(i.boiler_heat_up)
    boiler_heat_up                           0x08001b51   Thumb Code   128  brewing_process.o(i.boiler_heat_up)
    i.boiler_set_duty                        0x08001bd4   Section        0  boiler.o(i.boiler_set_duty)
    i.button_handler                         0x08001be4   Section        0  button_driver.o(i.button_handler)
    i.buzzer_handler                         0x08001d4c   Section        0  buzzer.o(i.buzzer_handler)
    i.buzzer_off                             0x08001e00   Section        0  buzzer.o(i.buzzer_off)
    buzzer_off                               0x08001e01   Thumb Code    34  buzzer.o(i.buzzer_off)
    i.buzzer_on                              0x08001e30   Section        0  buzzer.o(i.buzzer_on)
    buzzer_on                                0x08001e31   Thumb Code    24  buzzer.o(i.buzzer_on)
    i.check_button_press_validity            0x08001e50   Section        0  button_driver.o(i.check_button_press_validity)
    i.check_prog_mode                        0x08001ebc   Section        0  button_driver.o(i.check_prog_mode)
    i.led_Reset_all                          0x08001f1c   Section        0  led_driver.o(i.led_Reset_all)
    led_Reset_all                            0x08001f1d   Thumb Code    82  led_driver.o(i.led_Reset_all)
    i.led_function_button_blink              0x08001f78   Section        0  led_driver.o(i.led_function_button_blink)
    led_function_button_blink                0x08001f79   Thumb Code    44  led_driver.o(i.led_function_button_blink)
    i.led_handler                            0x08001fa8   Section        0  led_driver.o(i.led_handler)
    i.led_heat_up                            0x08002118   Section        0  led_driver.o(i.led_heat_up)
    led_heat_up                              0x08002119   Thumb Code   176  led_driver.o(i.led_heat_up)
    i.main                                   0x080021d0   Section        0  main.o(i.main)
    i.osDelay                                0x0800229c   Section        0  cmsis_os2.o(i.osDelay)
    i.osKernelInitialize                     0x080022d0   Section        0  cmsis_os2.o(i.osKernelInitialize)
    i.osKernelStart                          0x08002304   Section        0  cmsis_os2.o(i.osKernelStart)
    i.osThreadFlagsClear                     0x08002340   Section        0  cmsis_os2.o(i.osThreadFlagsClear)
    i.osThreadFlagsGet                       0x080023a4   Section        0  cmsis_os2.o(i.osThreadFlagsGet)
    i.osThreadFlagsSet                       0x080023e8   Section        0  cmsis_os2.o(i.osThreadFlagsSet)
    i.osThreadFlagsWait                      0x0800246c   Section        0  cmsis_os2.o(i.osThreadFlagsWait)
    i.osThreadNew                            0x08002518   Section        0  cmsis_os2.o(i.osThreadNew)
    i.prvAddCurrentTaskToDelayedList         0x080025c8   Section        0  tasks.o(i.prvAddCurrentTaskToDelayedList)
    prvAddCurrentTaskToDelayedList           0x080025c9   Thumb Code    78  tasks.o(i.prvAddCurrentTaskToDelayedList)
    i.prvAddNewTaskToReadyList               0x08002620   Section        0  tasks.o(i.prvAddNewTaskToReadyList)
    prvAddNewTaskToReadyList                 0x08002621   Thumb Code   174  tasks.o(i.prvAddNewTaskToReadyList)
    i.prvCheckForValidListAndQueue           0x080026dc   Section        0  timers.o(i.prvCheckForValidListAndQueue)
    prvCheckForValidListAndQueue             0x080026dd   Thumb Code    74  timers.o(i.prvCheckForValidListAndQueue)
    i.prvCopyDataFromQueue                   0x08002738   Section        0  queue.o(i.prvCopyDataFromQueue)
    prvCopyDataFromQueue                     0x08002739   Thumb Code    38  queue.o(i.prvCopyDataFromQueue)
    i.prvCopyDataToQueue                     0x0800275e   Section        0  queue.o(i.prvCopyDataToQueue)
    prvCopyDataToQueue                       0x0800275f   Thumb Code   112  queue.o(i.prvCopyDataToQueue)
    i.prvDeleteTCB                           0x080027ce   Section        0  tasks.o(i.prvDeleteTCB)
    prvDeleteTCB                             0x080027cf   Thumb Code    38  tasks.o(i.prvDeleteTCB)
    i.prvHeapInit                            0x080027f4   Section        0  heap_4.o(i.prvHeapInit)
    prvHeapInit                              0x080027f5   Thumb Code    60  heap_4.o(i.prvHeapInit)
    i.prvIdleTask                            0x08002838   Section        0  tasks.o(i.prvIdleTask)
    prvIdleTask                              0x08002839   Thumb Code    62  tasks.o(i.prvIdleTask)
    i.prvInitialiseNewQueue                  0x08002884   Section        0  queue.o(i.prvInitialiseNewQueue)
    prvInitialiseNewQueue                    0x08002885   Thumb Code    34  queue.o(i.prvInitialiseNewQueue)
    i.prvInitialiseNewTask                   0x080028a6   Section        0  tasks.o(i.prvInitialiseNewTask)
    prvInitialiseNewTask                     0x080028a7   Thumb Code   132  tasks.o(i.prvInitialiseNewTask)
    i.prvInsertBlockIntoFreeList             0x0800292c   Section        0  heap_4.o(i.prvInsertBlockIntoFreeList)
    prvInsertBlockIntoFreeList               0x0800292d   Thumb Code    72  heap_4.o(i.prvInsertBlockIntoFreeList)
    i.prvInsertTimerInActiveList             0x08002978   Section        0  timers.o(i.prvInsertTimerInActiveList)
    prvInsertTimerInActiveList               0x08002979   Thumb Code    52  timers.o(i.prvInsertTimerInActiveList)
    i.prvIsQueueEmpty                        0x080029b0   Section        0  queue.o(i.prvIsQueueEmpty)
    prvIsQueueEmpty                          0x080029b1   Thumb Code    28  queue.o(i.prvIsQueueEmpty)
    i.prvProcessReceivedCommands             0x080029cc   Section        0  timers.o(i.prvProcessReceivedCommands)
    prvProcessReceivedCommands               0x080029cd   Thumb Code   184  timers.o(i.prvProcessReceivedCommands)
    i.prvProcessTimerOrBlockTask             0x08002a88   Section        0  timers.o(i.prvProcessTimerOrBlockTask)
    prvProcessTimerOrBlockTask               0x08002a89   Thumb Code   152  timers.o(i.prvProcessTimerOrBlockTask)
    i.prvResetNextTaskUnblockTime            0x08002b24   Section        0  tasks.o(i.prvResetNextTaskUnblockTime)
    prvResetNextTaskUnblockTime              0x08002b25   Thumb Code    28  tasks.o(i.prvResetNextTaskUnblockTime)
    i.prvSampleTimeNow                       0x08002b44   Section        0  timers.o(i.prvSampleTimeNow)
    prvSampleTimeNow                         0x08002b45   Thumb Code    36  timers.o(i.prvSampleTimeNow)
    i.prvSwitchTimerLists                    0x08002b6c   Section        0  timers.o(i.prvSwitchTimerLists)
    prvSwitchTimerLists                      0x08002b6d   Thumb Code    92  timers.o(i.prvSwitchTimerLists)
    i.prvTaskExitError                       0x08002bcc   Section        0  port.o(i.prvTaskExitError)
    prvTaskExitError                         0x08002bcd   Thumb Code    14  port.o(i.prvTaskExitError)
    i.prvTimerTask                           0x08002be0   Section        0  timers.o(i.prvTimerTask)
    prvTimerTask                             0x08002be1   Thumb Code    32  timers.o(i.prvTimerTask)
    i.prvUnlockQueue                         0x08002c04   Section        0  queue.o(i.prvUnlockQueue)
    prvUnlockQueue                           0x08002c05   Thumb Code   112  queue.o(i.prvUnlockQueue)
    i.pump_handler_timer_enable              0x08002c74   Section        0  pump.o(i.pump_handler_timer_enable)
    i.pvPortMalloc                           0x08002c8c   Section        0  heap_4.o(i.pvPortMalloc)
    i.pxPortInitialiseStack                  0x08002d3c   Section        0  port.o(i.pxPortInitialiseStack)
    i.serve_process_button_blink             0x08002d5c   Section        0  led_driver.o(i.serve_process_button_blink)
    serve_process_button_blink               0x08002d5d   Thumb Code   120  led_driver.o(i.serve_process_button_blink)
    i.uxListRemove                           0x08002dd4   Section        0  list.o(i.uxListRemove)
    i.vApplicationGetIdleTaskMemory          0x08002dfc   Section        0  cmsis_os2.o(i.vApplicationGetIdleTaskMemory)
    i.vApplicationGetTimerTaskMemory         0x08002e10   Section        0  cmsis_os2.o(i.vApplicationGetTimerTaskMemory)
    i.vListInitialise                        0x08002e24   Section        0  list.o(i.vListInitialise)
    i.vListInitialiseItem                    0x08002e3a   Section        0  list.o(i.vListInitialiseItem)
    i.vListInsert                            0x08002e40   Section        0  list.o(i.vListInsert)
    i.vListInsertEnd                         0x08002e70   Section        0  list.o(i.vListInsertEnd)
    i.vPortEnterCritical                     0x08002e88   Section        0  port.o(i.vPortEnterCritical)
    i.vPortExitCritical                      0x08002ea0   Section        0  port.o(i.vPortExitCritical)
    i.vPortFree                              0x08002ebc   Section        0  heap_4.o(i.vPortFree)
    i.vPortYield                             0x08002f00   Section        0  port.o(i.vPortYield)
    i.vQueueAddToRegistry                    0x08002f18   Section        0  queue.o(i.vQueueAddToRegistry)
    i.vQueueWaitForMessageRestricted         0x08002f3c   Section        0  queue.o(i.vQueueWaitForMessageRestricted)
    i.vTaskDelay                             0x08002f80   Section        0  tasks.o(i.vTaskDelay)
    i.vTaskInternalSetTimeOutState           0x08002fb0   Section        0  tasks.o(i.vTaskInternalSetTimeOutState)
    i.vTaskMissedYield                       0x08002fc0   Section        0  tasks.o(i.vTaskMissedYield)
    i.vTaskPlaceOnEventList                  0x08002fcc   Section        0  tasks.o(i.vTaskPlaceOnEventList)
    i.vTaskPlaceOnEventListRestricted        0x08002ff0   Section        0  tasks.o(i.vTaskPlaceOnEventListRestricted)
    i.vTaskStartScheduler                    0x08003020   Section        0  tasks.o(i.vTaskStartScheduler)
    i.vTaskSuspendAll                        0x08003088   Section        0  tasks.o(i.vTaskSuspendAll)
    i.vTaskSwitchContext                     0x08003098   Section        0  tasks.o(i.vTaskSwitchContext)
    i.xPortStartScheduler                    0x080030f0   Section        0  port.o(i.xPortStartScheduler)
    i.xQueueGenericCreateStatic              0x08003140   Section        0  queue.o(i.xQueueGenericCreateStatic)
    i.xQueueGenericReset                     0x08003180   Section        0  queue.o(i.xQueueGenericReset)
    i.xQueueGenericSend                      0x080031ec   Section        0  queue.o(i.xQueueGenericSend)
    i.xQueueGenericSendFromISR               0x08003304   Section        0  queue.o(i.xQueueGenericSendFromISR)
    i.xQueueReceive                          0x08003390   Section        0  queue.o(i.xQueueReceive)
    i.xTaskCheckForTimeOut                   0x08003494   Section        0  tasks.o(i.xTaskCheckForTimeOut)
    i.xTaskCreate                            0x080034f0   Section        0  tasks.o(i.xTaskCreate)
    i.xTaskCreateStatic                      0x08003542   Section        0  tasks.o(i.xTaskCreateStatic)
    i.xTaskGenericNotify                     0x08003588   Section        0  tasks.o(i.xTaskGenericNotify)
    i.xTaskGenericNotifyFromISR              0x0800362c   Section        0  tasks.o(i.xTaskGenericNotifyFromISR)
    i.xTaskGetCurrentTaskHandle              0x080036f0   Section        0  tasks.o(i.xTaskGetCurrentTaskHandle)
    i.xTaskGetSchedulerState                 0x080036fc   Section        0  tasks.o(i.xTaskGetSchedulerState)
    i.xTaskGetTickCount                      0x0800371c   Section        0  tasks.o(i.xTaskGetTickCount)
    i.xTaskIncrementTick                     0x08003728   Section        0  tasks.o(i.xTaskIncrementTick)
    i.xTaskNotifyWait                        0x080037e4   Section        0  tasks.o(i.xTaskNotifyWait)
    i.xTaskPriorityDisinherit                0x08003860   Section        0  tasks.o(i.xTaskPriorityDisinherit)
    i.xTaskRemoveFromEventList               0x080038c8   Section        0  tasks.o(i.xTaskRemoveFromEventList)
    i.xTaskResumeAll                         0x0800392c   Section        0  tasks.o(i.xTaskResumeAll)
    i.xTimerCreateTimerTask                  0x080039dc   Section        0  timers.o(i.xTimerCreateTimerTask)
    i.xTimerGenericCommand                   0x08003a34   Section        0  timers.o(i.xTimerGenericCommand)
    i.zero_cross_handler                     0x08003a88   Section        0  zero_crosss.o(i.zero_cross_handler)
    .constdata                               0x08003a9c   Section      420  ntc.o(.constdata)
    .constdata                               0x08003c40   Section      180  main.o(.constdata)
    .constdata                               0x08003cf4   Section       16  system_stm32f0xx.o(.constdata)
    .constdata                               0x08003d04   Section        8  system_stm32f0xx.o(.constdata)
    .conststring                             0x08003d0c   Section       85  main.o(.conststring)
    .data                                    0x20000000   Section        1  buzzer.o(.data)
    .data                                    0x20000002   Section        6  brewing_process.o(.data)
    .data                                    0x20000008   Section        1  zero_crosss.o(.data)
    .data                                    0x20000009   Section        3  boiler.o(.data)
    .data                                    0x2000000c   Section       20  main.o(.data)
    .data                                    0x20000020   Section       12  stm32f0xx_hal.o(.data)
    .data                                    0x2000002c   Section        4  system_stm32f0xx.o(.data)
    .data                                    0x20000030   Section       60  tasks.o(.data)
    pxDelayedTaskList                        0x20000034   Data           4  tasks.o(.data)
    pxOverflowDelayedTaskList                0x20000038   Data           4  tasks.o(.data)
    uxDeletedTasksWaitingCleanUp             0x2000003c   Data           4  tasks.o(.data)
    uxCurrentNumberOfTasks                   0x20000040   Data           4  tasks.o(.data)
    xTickCount                               0x20000044   Data           4  tasks.o(.data)
    uxTopReadyPriority                       0x20000048   Data           4  tasks.o(.data)
    xSchedulerRunning                        0x2000004c   Data           4  tasks.o(.data)
    uxPendedTicks                            0x20000050   Data           4  tasks.o(.data)
    xYieldPending                            0x20000054   Data           4  tasks.o(.data)
    xNumOfOverflows                          0x20000058   Data           4  tasks.o(.data)
    uxTaskNumber                             0x2000005c   Data           4  tasks.o(.data)
    xNextTaskUnblockTime                     0x20000060   Data           4  tasks.o(.data)
    xIdleTaskHandle                          0x20000064   Data           4  tasks.o(.data)
    uxSchedulerSuspended                     0x20000068   Data           4  tasks.o(.data)
    .data                                    0x2000006c   Section       20  timers.o(.data)
    pxCurrentTimerList                       0x2000006c   Data           4  timers.o(.data)
    pxOverflowTimerList                      0x20000070   Data           4  timers.o(.data)
    xTimerQueue                              0x20000074   Data           4  timers.o(.data)
    xTimerTaskHandle                         0x20000078   Data           4  timers.o(.data)
    xLastTime                                0x2000007c   Data           4  timers.o(.data)
    .data                                    0x20000080   Section        4  cmsis_os2.o(.data)
    KernelState                              0x20000080   Data           4  cmsis_os2.o(.data)
    .data                                    0x20000084   Section       24  heap_4.o(.data)
    pxEnd                                    0x20000084   Data           4  heap_4.o(.data)
    xFreeBytesRemaining                      0x20000088   Data           4  heap_4.o(.data)
    xMinimumEverFreeBytesRemaining           0x2000008c   Data           4  heap_4.o(.data)
    xBlockAllocatedBit                       0x20000090   Data           4  heap_4.o(.data)
    xStart                                   0x20000094   Data           8  heap_4.o(.data)
    .data                                    0x2000009c   Section        4  port.o(.data)
    uxCriticalNesting                        0x2000009c   Data           4  port.o(.data)
    .bss                                     0x200000a0   Section      208  main.o(.bss)
    .bss                                     0x20000170   Section       72  stm32f0xx_hal_timebase_tim.o(.bss)
    .bss                                     0x200001b8   Section       64  queue.o(.bss)
    .bss                                     0x200001f8   Section     1220  tasks.o(.bss)
    pxReadyTasksLists                        0x200001f8   Data        1120  tasks.o(.bss)
    xDelayedTaskList1                        0x20000658   Data          20  tasks.o(.bss)
    xDelayedTaskList2                        0x2000066c   Data          20  tasks.o(.bss)
    xPendingReadyList                        0x20000680   Data          20  tasks.o(.bss)
    xTasksWaitingTermination                 0x20000694   Data          20  tasks.o(.bss)
    xSuspendedTaskList                       0x200006a8   Data          20  tasks.o(.bss)
    .bss                                     0x200006bc   Section      280  timers.o(.bss)
    xActiveTimerList1                        0x200006bc   Data          20  timers.o(.bss)
    xActiveTimerList2                        0x200006d0   Data          20  timers.o(.bss)
    xStaticTimerQueue                        0x200006e4   Data          80  timers.o(.bss)
    ucStaticTimerQueueStorage                0x20000734   Data         160  timers.o(.bss)
    .bss                                     0x200007d4   Section      976  cmsis_os2.o(.bss)
    Idle_TCB                                 0x200007d4   Data         104  cmsis_os2.o(.bss)
    Idle_Stack                               0x2000083c   Data         256  cmsis_os2.o(.bss)
    Timer_TCB                                0x2000093c   Data         104  cmsis_os2.o(.bss)
    Timer_Stack                              0x200009a4   Data         512  cmsis_os2.o(.bss)
    .bss                                     0x20000ba4   Section     3072  heap_4.o(.bss)
    ucHeap                                   0x20000ba4   Data        3072  heap_4.o(.bss)
    .bss                                     0x200017a4   Section       96  libspace.o(.bss)
    HEAP                                     0x20001808   Section      512  startup_stm32f030x8.o(HEAP)
    Heap_Mem                                 0x20001808   Data         512  startup_stm32f030x8.o(HEAP)
    STACK                                    0x20001a08   Section     1024  startup_stm32f030x8.o(STACK)
    Stack_Mem                                0x20001a08   Data        1024  startup_stm32f030x8.o(STACK)
    __initial_sp                             0x20001e08   Data           0  startup_stm32f030x8.o(STACK)

    Global Symbols

    Symbol Name                              Value     Ov Type        Size  Object(Section)

    BuildAttributes$$THM_ISAv3M$S$PE$A:L22$X:L11$S22$IEEE1$IW$USESV6$~STKCKD$USESV7$~SHL$OSPACE$ROPI$EBA8$UX$STANDARDLIB$REQ8$PRES8$EABIv2 0x00000000   Number         0  anon$$obj.o ABSOLUTE
    __ARM_use_no_argv                        0x00000000   Number         0  main.o ABSOLUTE
    __ARM_exceptions_init                     - Undefined Weak Reference
    __alloca_initialize                       - Undefined Weak Reference
    __arm_preinit_                            - Undefined Weak Reference
    __cpp_initialize__aeabi_                  - Undefined Weak Reference
    __cxa_finalize                            - Undefined Weak Reference
    __rt_locale                               - Undefined Weak Reference
    __sigvec_lookup                           - Undefined Weak Reference
    _atexit_init                              - Undefined Weak Reference
    _call_atexit_fns                          - Undefined Weak Reference
    _clock_init                               - Undefined Weak Reference
    _fp_trap_init                             - Undefined Weak Reference
    _fp_trap_shutdown                         - Undefined Weak Reference
    _get_lc_collate                           - Undefined Weak Reference
    _get_lc_ctype                             - Undefined Weak Reference
    _get_lc_monetary                          - Undefined Weak Reference
    _get_lc_numeric                           - Undefined Weak Reference
    _get_lc_time                              - Undefined Weak Reference
    _getenv_init                              - Undefined Weak Reference
    _handle_redirection                       - Undefined Weak Reference
    _init_alloc                               - Undefined Weak Reference
    _init_user_alloc                          - Undefined Weak Reference
    _initio                                   - Undefined Weak Reference
    _rand_init                                - Undefined Weak Reference
    _signal_finish                            - Undefined Weak Reference
    _signal_init                              - Undefined Weak Reference
    _terminate_alloc                          - Undefined Weak Reference
    _terminate_user_alloc                     - Undefined Weak Reference
    _terminateio                              - Undefined Weak Reference
    __Vectors_Size                           0x000000b4   Number         0  startup_stm32f030x8.o ABSOLUTE
    __Vectors                                0x08000000   Data           4  startup_stm32f030x8.o(RESET)
    __Vectors_End                            0x080000b4   Data           0  startup_stm32f030x8.o(RESET)
    __main                                   0x080000b5   Thumb Code     8  __main.o(!!!main)
    __scatterload                            0x080000bd   Thumb Code     0  __scatter.o(!!!scatter)
    __scatterload_rt2                        0x080000bd   Thumb Code    52  __scatter.o(!!!scatter)
    __scatterload_rt2_thumb_only             0x080000bd   Thumb Code     0  __scatter.o(!!!scatter)
    __scatterload_null                       0x080000cd   Thumb Code     0  __scatter.o(!!!scatter)
    __scatterload_copy                       0x080000f9   Thumb Code    26  __scatter_copy.o(!!handler_copy)
    __scatterload_zeroinit                   0x08000115   Thumb Code    28  __scatter_zi.o(!!handler_zi)
    __rt_lib_init                            0x08000131   Thumb Code     0  libinit.o(.ARM.Collect$$libinit$$00000000)
    __rt_lib_init_alloca_1                   0x08000133   Thumb Code     0  libinit2.o(.ARM.Collect$$libinit$$0000002E)
    __rt_lib_init_argv_1                     0x08000133   Thumb Code     0  libinit2.o(.ARM.Collect$$libinit$$0000002C)
    __rt_lib_init_atexit_1                   0x08000133   Thumb Code     0  libinit2.o(.ARM.Collect$$libinit$$0000001B)
    __rt_lib_init_clock_1                    0x08000133   Thumb Code     0  libinit2.o(.ARM.Collect$$libinit$$00000021)
    __rt_lib_init_cpp_1                      0x08000133   Thumb Code     0  libinit2.o(.ARM.Collect$$libinit$$00000032)
    __rt_lib_init_exceptions_1               0x08000133   Thumb Code     0  libinit2.o(.ARM.Collect$$libinit$$00000030)
    __rt_lib_init_fp_1                       0x08000133   Thumb Code     0  libinit2.o(.ARM.Collect$$libinit$$00000002)
    __rt_lib_init_fp_trap_1                  0x08000133   Thumb Code     0  libinit2.o(.ARM.Collect$$libinit$$0000001F)
    __rt_lib_init_getenv_1                   0x08000133   Thumb Code     0  libinit2.o(.ARM.Collect$$libinit$$00000023)
    __rt_lib_init_heap_1                     0x08000133   Thumb Code     0  libinit2.o(.ARM.Collect$$libinit$$0000000A)
    __rt_lib_init_lc_collate_1               0x08000133   Thumb Code     0  libinit2.o(.ARM.Collect$$libinit$$00000011)
    __rt_lib_init_lc_ctype_1                 0x08000133   Thumb Code     0  libinit2.o(.ARM.Collect$$libinit$$00000013)
    __rt_lib_init_lc_monetary_1              0x08000133   Thumb Code     0  libinit2.o(.ARM.Collect$$libinit$$00000015)
    __rt_lib_init_lc_numeric_1               0x08000133   Thumb Code     0  libinit2.o(.ARM.Collect$$libinit$$00000017)
    __rt_lib_init_lc_time_1                  0x08000133   Thumb Code     0  libinit2.o(.ARM.Collect$$libinit$$00000019)
    __rt_lib_init_preinit_1                  0x08000133   Thumb Code     0  libinit2.o(.ARM.Collect$$libinit$$00000004)
    __rt_lib_init_rand_1                     0x08000133   Thumb Code     0  libinit2.o(.ARM.Collect$$libinit$$0000000E)
    __rt_lib_init_return                     0x08000133   Thumb Code     0  libinit2.o(.ARM.Collect$$libinit$$00000033)
    __rt_lib_init_signal_1                   0x08000133   Thumb Code     0  libinit2.o(.ARM.Collect$$libinit$$0000001D)
    __rt_lib_init_stdio_1                    0x08000133   Thumb Code     0  libinit2.o(.ARM.Collect$$libinit$$00000025)
    __rt_lib_init_user_alloc_1               0x08000133   Thumb Code     0  libinit2.o(.ARM.Collect$$libinit$$0000000C)
    __rt_lib_shutdown                        0x08000135   Thumb Code     0  libshutdown.o(.ARM.Collect$$libshutdown$$00000000)
    __rt_lib_shutdown_cpp_1                  0x08000137   Thumb Code     0  libshutdown2.o(.ARM.Collect$$libshutdown$$00000002)
    __rt_lib_shutdown_fp_trap_1              0x08000137   Thumb Code     0  libshutdown2.o(.ARM.Collect$$libshutdown$$00000007)
    __rt_lib_shutdown_heap_1                 0x08000137   Thumb Code     0  libshutdown2.o(.ARM.Collect$$libshutdown$$0000000F)
    __rt_lib_shutdown_return                 0x08000137   Thumb Code     0  libshutdown2.o(.ARM.Collect$$libshutdown$$00000010)
    __rt_lib_shutdown_signal_1               0x08000137   Thumb Code     0  libshutdown2.o(.ARM.Collect$$libshutdown$$0000000A)
    __rt_lib_shutdown_stdio_1                0x08000137   Thumb Code     0  libshutdown2.o(.ARM.Collect$$libshutdown$$00000004)
    __rt_lib_shutdown_user_alloc_1           0x08000137   Thumb Code     0  libshutdown2.o(.ARM.Collect$$libshutdown$$0000000C)
    __rt_entry                               0x08000139   Thumb Code     0  __rtentry.o(.ARM.Collect$$rtentry$$00000000)
    __rt_entry_presh_1                       0x08000139   Thumb Code     0  __rtentry2.o(.ARM.Collect$$rtentry$$00000002)
    __rt_entry_sh                            0x08000139   Thumb Code     0  __rtentry4.o(.ARM.Collect$$rtentry$$00000004)
    __rt_entry_li                            0x0800013f   Thumb Code     0  __rtentry2.o(.ARM.Collect$$rtentry$$0000000A)
    __rt_entry_postsh_1                      0x0800013f   Thumb Code     0  __rtentry2.o(.ARM.Collect$$rtentry$$00000009)
    __rt_entry_main                          0x08000143   Thumb Code     0  __rtentry2.o(.ARM.Collect$$rtentry$$0000000D)
    __rt_entry_postli_1                      0x08000143   Thumb Code     0  __rtentry2.o(.ARM.Collect$$rtentry$$0000000C)
    __rt_exit                                0x0800014b   Thumb Code     0  rtexit.o(.ARM.Collect$$rtexit$$00000000)
    __rt_exit_ls                             0x0800014d   Thumb Code     0  rtexit2.o(.ARM.Collect$$rtexit$$00000003)
    __rt_exit_prels_1                        0x0800014d   Thumb Code     0  rtexit2.o(.ARM.Collect$$rtexit$$00000002)
    __rt_exit_exit                           0x08000151   Thumb Code     0  rtexit2.o(.ARM.Collect$$rtexit$$00000004)
    __asm___6_port_c_39a90d8d__prvPortStartFirstTask 0x08000159   Thumb Code    36  port.o(.emb_text)
    ulSetInterruptMaskFromISR                0x08000181   Thumb Code     8  port.o(.emb_text)
    vClearInterruptMaskFromISR               0x08000189   Thumb Code     6  port.o(.emb_text)
    PendSV_Handler                           0x0800018f   Thumb Code    62  port.o(.emb_text)
    __aeabi_memcpy4                          0x080001d1   Thumb Code    56  rt_memcpy.o(.emb_text)
    __aeabi_memcpy8                          0x080001d1   Thumb Code     0  rt_memcpy.o(.emb_text)
    Reset_Handler                            0x08000209   Thumb Code     8  startup_stm32f030x8.o(.text)
    ADC1_IRQHandler                          0x0800021b   Thumb Code     0  startup_stm32f030x8.o(.text)
    DMA1_Channel1_IRQHandler                 0x0800021b   Thumb Code     0  startup_stm32f030x8.o(.text)
    DMA1_Channel2_3_IRQHandler               0x0800021b   Thumb Code     0  startup_stm32f030x8.o(.text)
    DMA1_Channel4_5_IRQHandler               0x0800021b   Thumb Code     0  startup_stm32f030x8.o(.text)
    EXTI0_1_IRQHandler                       0x0800021b   Thumb Code     0  startup_stm32f030x8.o(.text)
    FLASH_IRQHandler                         0x0800021b   Thumb Code     0  startup_stm32f030x8.o(.text)
    I2C1_IRQHandler                          0x0800021b   Thumb Code     0  startup_stm32f030x8.o(.text)
    I2C2_IRQHandler                          0x0800021b   Thumb Code     0  startup_stm32f030x8.o(.text)
    RCC_IRQHandler                           0x0800021b   Thumb Code     0  startup_stm32f030x8.o(.text)
    RTC_IRQHandler                           0x0800021b   Thumb Code     0  startup_stm32f030x8.o(.text)
    SPI1_IRQHandler                          0x0800021b   Thumb Code     0  startup_stm32f030x8.o(.text)
    SPI2_IRQHandler                          0x0800021b   Thumb Code     0  startup_stm32f030x8.o(.text)
    TIM15_IRQHandler                         0x0800021b   Thumb Code     0  startup_stm32f030x8.o(.text)
    TIM16_IRQHandler                         0x0800021b   Thumb Code     0  startup_stm32f030x8.o(.text)
    TIM17_IRQHandler                         0x0800021b   Thumb Code     0  startup_stm32f030x8.o(.text)
    TIM1_CC_IRQHandler                       0x0800021b   Thumb Code     0  startup_stm32f030x8.o(.text)
    TIM3_IRQHandler                          0x0800021b   Thumb Code     0  startup_stm32f030x8.o(.text)
    USART1_IRQHandler                        0x0800021b   Thumb Code     0  startup_stm32f030x8.o(.text)
    USART2_IRQHandler                        0x0800021b   Thumb Code     0  startup_stm32f030x8.o(.text)
    WWDG_IRQHandler                          0x0800021b   Thumb Code     0  startup_stm32f030x8.o(.text)
    __user_initial_stackheap                 0x0800021d   Thumb Code     0  startup_stm32f030x8.o(.text)
    __aeabi_uldivmod                         0x08000241   Thumb Code   258  lludiv.o(.text)
    _ll_udiv                                 0x08000241   Thumb Code     0  lludiv.o(.text)
    __aeabi_memcpy                           0x08000343   Thumb Code   130  rt_memcpy.o(.text)
    __rt_memcpy                              0x08000343   Thumb Code     0  rt_memcpy.o(.text)
    __aeabi_memset                           0x080003c5   Thumb Code    18  aeabi_memset.o(.text)
    _memset_w                                0x080003d7   Thumb Code    26  rt_memclr.o(.text)
    _memset                                  0x080003f1   Thumb Code    30  rt_memclr.o(.text)
    __aeabi_memclr                           0x0800040f   Thumb Code     4  rt_memclr.o(.text)
    __rt_memclr                              0x0800040f   Thumb Code     0  rt_memclr.o(.text)
    __aeabi_memclr4                          0x08000413   Thumb Code     0  rt_memclr.o(.text)
    __aeabi_memclr8                          0x08000413   Thumb Code     0  rt_memclr.o(.text)
    __rt_memclr_w                            0x08000413   Thumb Code     4  rt_memclr.o(.text)
    __aeabi_uidiv                            0x08000417   Thumb Code     0  aeabi_sdiv.o(.text)
    __aeabi_uidivmod                         0x08000417   Thumb Code    20  aeabi_sdiv.o(.text)
    __aeabi_idiv                             0x0800042b   Thumb Code     0  aeabi_sdiv.o(.text)
    __aeabi_idivmod                          0x0800042b   Thumb Code   326  aeabi_sdiv.o(.text)
    __use_two_region_memory                  0x08000571   Thumb Code     2  heapauxi.o(.text)
    __rt_heap_escrow$2region                 0x08000573   Thumb Code     2  heapauxi.o(.text)
    __rt_heap_expand$2region                 0x08000575   Thumb Code     2  heapauxi.o(.text)
    __user_setup_stackheap                   0x08000577   Thumb Code    62  sys_stackheap_outer.o(.text)
    exit                                     0x080005b5   Thumb Code    16  exit.o(.text)
    __user_libspace                          0x080005c5   Thumb Code     8  libspace.o(.text)
    __user_perproc_libspace                  0x080005c5   Thumb Code     0  libspace.o(.text)
    __user_perthread_libspace                0x080005c5   Thumb Code     0  libspace.o(.text)
    _sys_exit                                0x080005cd   Thumb Code     8  sys_exit.o(.text)
    __I$use$semihosting                      0x080005d9   Thumb Code     0  use_no_semi.o(.text)
    __use_no_semihosting_swi                 0x080005d9   Thumb Code     2  use_no_semi.o(.text)
    __semihosting_library_function           0x080005db   Thumb Code     0  indicate_semi.o(.text)
    ButtonHandler                            0x0800066d   Thumb Code    46  main.o(i.ButtonHandler)
    BuzzerHandler                            0x080006a1   Thumb Code    36  main.o(i.BuzzerHandler)
    Buzzer_Beep_TIM_handler                  0x080006c5   Thumb Code    28  buzzer.o(i.Buzzer_Beep_TIM_handler)
    EXTI2_3_IRQHandler                       0x080006ed   Thumb Code    10  stm32f0xx_it.o(i.EXTI2_3_IRQHandler)
    EXTI4_15_IRQHandler                      0x080006f7   Thumb Code    66  stm32f0xx_it.o(i.EXTI4_15_IRQHandler)
    ErrorHandler                             0x08000739   Thumb Code     8  main.o(i.ErrorHandler)
    Get_NTC_Temp                             0x08000741   Thumb Code    96  ntc.o(i.Get_NTC_Temp)
    HAL_ADC_ConfigChannel                    0x080007a9   Thumb Code   254  stm32f0xx_hal_adc.o(i.HAL_ADC_ConfigChannel)
    HAL_ADC_GetValue                         0x080008b9   Thumb Code     6  stm32f0xx_hal_adc.o(i.HAL_ADC_GetValue)
    HAL_ADC_Init                             0x080008c1   Thumb Code   366  stm32f0xx_hal_adc.o(i.HAL_ADC_Init)
    HAL_ADC_MspInit                          0x08000a39   Thumb Code    78  stm32f0xx_hal_msp.o(i.HAL_ADC_MspInit)
    HAL_ADC_PollForConversion                0x08000a91   Thumb Code   198  stm32f0xx_hal_adc.o(i.HAL_ADC_PollForConversion)
    HAL_ADC_Start                            0x08000b59   Thumb Code    86  stm32f0xx_hal_adc.o(i.HAL_ADC_Start)
    HAL_GPIO_EXTI_Callback                   0x08000bb5   Thumb Code    28  main.o(i.HAL_GPIO_EXTI_Callback)
    HAL_GPIO_EXTI_IRQHandler                 0x08000bd5   Thumb Code    18  stm32f0xx_hal_gpio.o(i.HAL_GPIO_EXTI_IRQHandler)
    HAL_GPIO_Init                            0x08000bed   Thumb Code   396  stm32f0xx_hal_gpio.o(i.HAL_GPIO_Init)
    HAL_GPIO_ReadPin                         0x08000d91   Thumb Code    10  stm32f0xx_hal_gpio.o(i.HAL_GPIO_ReadPin)
    HAL_GPIO_TogglePin                       0x08000d9b   Thumb Code    16  stm32f0xx_hal_gpio.o(i.HAL_GPIO_TogglePin)
    HAL_GPIO_WritePin                        0x08000dab   Thumb Code    12  stm32f0xx_hal_gpio.o(i.HAL_GPIO_WritePin)
    HAL_GetTick                              0x08000db9   Thumb Code     6  stm32f0xx_hal.o(i.HAL_GetTick)
    HAL_IncTick                              0x08000dc5   Thumb Code    12  stm32f0xx_hal.o(i.HAL_IncTick)
    HAL_Init                                 0x08000dd5   Thumb Code    26  stm32f0xx_hal.o(i.HAL_Init)
    HAL_InitTick                             0x08000df5   Thumb Code   130  stm32f0xx_hal_timebase_tim.o(i.HAL_InitTick)
    HAL_MspInit                              0x08000e91   Thumb Code    44  stm32f0xx_hal_msp.o(i.HAL_MspInit)
    HAL_NVIC_EnableIRQ                       0x08000ec1   Thumb Code    18  stm32f0xx_hal_cortex.o(i.HAL_NVIC_EnableIRQ)
    HAL_NVIC_SetPriority                     0x08000ed9   Thumb Code     8  stm32f0xx_hal_cortex.o(i.HAL_NVIC_SetPriority)
    HAL_RCC_ClockConfig                      0x08000ee1   Thumb Code   242  stm32f0xx_hal_rcc.o(i.HAL_RCC_ClockConfig)
    HAL_RCC_GetClockConfig                   0x08000fe9   Thumb Code    46  stm32f0xx_hal_rcc.o(i.HAL_RCC_GetClockConfig)
    HAL_RCC_GetPCLK1Freq                     0x08001021   Thumb Code    20  stm32f0xx_hal_rcc.o(i.HAL_RCC_GetPCLK1Freq)
    HAL_RCC_GetSysClockFreq                  0x08001041   Thumb Code    84  stm32f0xx_hal_rcc.o(i.HAL_RCC_GetSysClockFreq)
    HAL_RCC_OscConfig                        0x080010c1   Thumb Code   890  stm32f0xx_hal_rcc.o(i.HAL_RCC_OscConfig)
    HAL_TIMEx_BreakCallback                  0x08001449   Thumb Code     2  stm32f0xx_hal_tim_ex.o(i.HAL_TIMEx_BreakCallback)
    HAL_TIMEx_CommutCallback                 0x0800144b   Thumb Code     2  stm32f0xx_hal_tim_ex.o(i.HAL_TIMEx_CommutCallback)
    HAL_TIM_Base_Init                        0x0800144d   Thumb Code    72  stm32f0xx_hal_tim.o(i.HAL_TIM_Base_Init)
    HAL_TIM_Base_MspInit                     0x08001495   Thumb Code    78  stm32f0xx_hal_msp.o(i.HAL_TIM_Base_MspInit)
    HAL_TIM_Base_Start_IT                    0x080014f1   Thumb Code    68  stm32f0xx_hal_tim.o(i.HAL_TIM_Base_Start_IT)
    HAL_TIM_Base_Stop_IT                     0x08001541   Thumb Code    46  stm32f0xx_hal_tim.o(i.HAL_TIM_Base_Stop_IT)
    HAL_TIM_IC_CaptureCallback               0x08001575   Thumb Code     2  stm32f0xx_hal_tim.o(i.HAL_TIM_IC_CaptureCallback)
    HAL_TIM_IRQHandler                       0x08001577   Thumb Code   354  stm32f0xx_hal_tim.o(i.HAL_TIM_IRQHandler)
    HAL_TIM_OC_DelayElapsedCallback          0x080016d9   Thumb Code     2  stm32f0xx_hal_tim.o(i.HAL_TIM_OC_DelayElapsedCallback)
    HAL_TIM_PWM_PulseFinishedCallback        0x080016db   Thumb Code     2  stm32f0xx_hal_tim.o(i.HAL_TIM_PWM_PulseFinishedCallback)
    HAL_TIM_PeriodElapsedCallback            0x080016dd   Thumb Code    24  main.o(i.HAL_TIM_PeriodElapsedCallback)
    HAL_TIM_TriggerCallback                  0x080016f9   Thumb Code     2  stm32f0xx_hal_tim.o(i.HAL_TIM_TriggerCallback)
    HardFault_Handler                        0x080016fb   Thumb Code     2  stm32f0xx_it.o(i.HardFault_Handler)
    LedHandler                               0x080016fd   Thumb Code    34  main.o(i.LedHandler)
    MainTaskHandler                          0x080018ed   Thumb Code    30  main.o(i.MainTaskHandler)
    NMI_Handler                              0x0800190b   Thumb Code     2  stm32f0xx_it.o(i.NMI_Handler)
    Process_Handler                          0x0800190d   Thumb Code    20  brewing_process.o(i.Process_Handler)
    SVC_Handler                              0x08001925   Thumb Code     2  port.o(i.SVC_Handler)
    SysTick_Handler                          0x08001929   Thumb Code    32  port.o(i.SysTick_Handler)
    SystemClock_Config                       0x0800194d   Thumb Code    96  main.o(i.SystemClock_Config)
    SystemInit                               0x080019ad   Thumb Code     2  system_stm32f0xx.o(i.SystemInit)
    TIM14_IRQHandler                         0x080019b1   Thumb Code    10  stm32f0xx_it.o(i.TIM14_IRQHandler)
    TIM1_BRK_UP_TRG_COM_IRQHandler           0x080019c1   Thumb Code    10  stm32f0xx_it.o(i.TIM1_BRK_UP_TRG_COM_IRQHandler)
    TIM6_IRQHandler                          0x080019d1   Thumb Code    10  stm32f0xx_it.o(i.TIM6_IRQHandler)
    TIM_Base_SetConfig                       0x080019e1   Thumb Code   112  stm32f0xx_hal_tim.o(i.TIM_Base_SetConfig)
    __ARM_common_ll_muluu                    0x08001a69   Thumb Code    48  stm32f0xx_hal_rcc.o(i.__ARM_common_ll_muluu)
    __ARM_common_switch8                     0x08001a99   Thumb Code    26  stm32f0xx_hal_dma.o(i.__ARM_common_switch8)
    boiler_Turn_Off                          0x08001af9   Thumb Code    16  boiler.o(i.boiler_Turn_Off)
    boiler_Turn_On                           0x08001b09   Thumb Code    16  boiler.o(i.boiler_Turn_On)
    boiler_handler                           0x08001b19   Thumb Code    50  boiler.o(i.boiler_handler)
    boiler_set_duty                          0x08001bd5   Thumb Code    12  boiler.o(i.boiler_set_duty)
    button_handler                           0x08001be5   Thumb Code   342  button_driver.o(i.button_handler)
    buzzer_handler                           0x08001d4d   Thumb Code   168  buzzer.o(i.buzzer_handler)
    check_button_press_validity              0x08001e51   Thumb Code   102  button_driver.o(i.check_button_press_validity)
    check_prog_mode                          0x08001ebd   Thumb Code    84  button_driver.o(i.check_prog_mode)
    led_handler                              0x08001fa9   Thumb Code   352  led_driver.o(i.led_handler)
    main                                     0x080021d1   Thumb Code   164  main.o(i.main)
    osDelay                                  0x0800229d   Thumb Code    46  cmsis_os2.o(i.osDelay)
    osKernelInitialize                       0x080022d1   Thumb Code    48  cmsis_os2.o(i.osKernelInitialize)
    osKernelStart                            0x08002305   Thumb Code    54  cmsis_os2.o(i.osKernelStart)
    osThreadFlagsClear                       0x08002341   Thumb Code    96  cmsis_os2.o(i.osThreadFlagsClear)
    osThreadFlagsGet                         0x080023a5   Thumb Code    62  cmsis_os2.o(i.osThreadFlagsGet)
    osThreadFlagsSet                         0x080023e9   Thumb Code   120  cmsis_os2.o(i.osThreadFlagsSet)
    osThreadFlagsWait                        0x0800246d   Thumb Code   168  cmsis_os2.o(i.osThreadFlagsWait)
    osThreadNew                              0x08002519   Thumb Code   172  cmsis_os2.o(i.osThreadNew)
    pump_handler_timer_enable                0x08002c75   Thumb Code    18  pump.o(i.pump_handler_timer_enable)
    pvPortMalloc                             0x08002c8d   Thumb Code   172  heap_4.o(i.pvPortMalloc)
    pxPortInitialiseStack                    0x08002d3d   Thumb Code    28  port.o(i.pxPortInitialiseStack)
    uxListRemove                             0x08002dd5   Thumb Code    38  list.o(i.uxListRemove)
    vApplicationGetIdleTaskMemory            0x08002dfd   Thumb Code    16  cmsis_os2.o(i.vApplicationGetIdleTaskMemory)
    vApplicationGetTimerTaskMemory           0x08002e11   Thumb Code    16  cmsis_os2.o(i.vApplicationGetTimerTaskMemory)
    vListInitialise                          0x08002e25   Thumb Code    22  list.o(i.vListInitialise)
    vListInitialiseItem                      0x08002e3b   Thumb Code     6  list.o(i.vListInitialiseItem)
    vListInsert                              0x08002e41   Thumb Code    48  list.o(i.vListInsert)
    vListInsertEnd                           0x08002e71   Thumb Code    24  list.o(i.vListInsertEnd)
    vPortEnterCritical                       0x08002e89   Thumb Code    20  port.o(i.vPortEnterCritical)
    vPortExitCritical                        0x08002ea1   Thumb Code    22  port.o(i.vPortExitCritical)
    vPortFree                                0x08002ebd   Thumb Code    62  heap_4.o(i.vPortFree)
    vPortYield                               0x08002f01   Thumb Code    18  port.o(i.vPortYield)
    vQueueAddToRegistry                      0x08002f19   Thumb Code    32  queue.o(i.vQueueAddToRegistry)
    vQueueWaitForMessageRestricted           0x08002f3d   Thumb Code    68  queue.o(i.vQueueWaitForMessageRestricted)
    vTaskDelay                               0x08002f81   Thumb Code    44  tasks.o(i.vTaskDelay)
    vTaskInternalSetTimeOutState             0x08002fb1   Thumb Code    12  tasks.o(i.vTaskInternalSetTimeOutState)
    vTaskMissedYield                         0x08002fc1   Thumb Code     8  tasks.o(i.vTaskMissedYield)
    vTaskPlaceOnEventList                    0x08002fcd   Thumb Code    32  tasks.o(i.vTaskPlaceOnEventList)
    vTaskPlaceOnEventListRestricted          0x08002ff1   Thumb Code    42  tasks.o(i.vTaskPlaceOnEventListRestricted)
    vTaskStartScheduler                      0x08003021   Thumb Code    88  tasks.o(i.vTaskStartScheduler)
    vTaskSuspendAll                          0x08003089   Thumb Code    10  tasks.o(i.vTaskSuspendAll)
    vTaskSwitchContext                       0x08003099   Thumb Code    78  tasks.o(i.vTaskSwitchContext)
    xPortStartScheduler                      0x080030f1   Thumb Code    62  port.o(i.xPortStartScheduler)
    xQueueGenericCreateStatic                0x08003141   Thumb Code    64  queue.o(i.xQueueGenericCreateStatic)
    xQueueGenericReset                       0x08003181   Thumb Code   108  queue.o(i.xQueueGenericReset)
    xQueueGenericSend                        0x080031ed   Thumb Code   280  queue.o(i.xQueueGenericSend)
    xQueueGenericSendFromISR                 0x08003305   Thumb Code   140  queue.o(i.xQueueGenericSendFromISR)
    xQueueReceive                            0x08003391   Thumb Code   258  queue.o(i.xQueueReceive)
    xTaskCheckForTimeOut                     0x08003495   Thumb Code    86  tasks.o(i.xTaskCheckForTimeOut)
    xTaskCreate                              0x080034f1   Thumb Code    82  tasks.o(i.xTaskCreate)
    xTaskCreateStatic                        0x08003543   Thumb Code    68  tasks.o(i.xTaskCreateStatic)
    xTaskGenericNotify                       0x08003589   Thumb Code   156  tasks.o(i.xTaskGenericNotify)
    xTaskGenericNotifyFromISR                0x0800362d   Thumb Code   184  tasks.o(i.xTaskGenericNotifyFromISR)
    xTaskGetCurrentTaskHandle                0x080036f1   Thumb Code     6  tasks.o(i.xTaskGetCurrentTaskHandle)
    xTaskGetSchedulerState                   0x080036fd   Thumb Code    26  tasks.o(i.xTaskGetSchedulerState)
    xTaskGetTickCount                        0x0800371d   Thumb Code     6  tasks.o(i.xTaskGetTickCount)
    xTaskIncrementTick                       0x08003729   Thumb Code   180  tasks.o(i.xTaskIncrementTick)
    xTaskNotifyWait                          0x080037e5   Thumb Code   118  tasks.o(i.xTaskNotifyWait)
    xTaskPriorityDisinherit                  0x08003861   Thumb Code    96  tasks.o(i.xTaskPriorityDisinherit)
    xTaskRemoveFromEventList                 0x080038c9   Thumb Code    88  tasks.o(i.xTaskRemoveFromEventList)
    xTaskResumeAll                           0x0800392d   Thumb Code   162  tasks.o(i.xTaskResumeAll)
    xTimerCreateTimerTask                    0x080039dd   Thumb Code    72  timers.o(i.xTimerCreateTimerTask)
    xTimerGenericCommand                     0x08003a35   Thumb Code    80  timers.o(i.xTimerGenericCommand)
    zero_cross_handler                       0x08003a89   Thumb Code    14  zero_crosss.o(i.zero_cross_handler)
    NTC_Lookup_Table                         0x08003a9c   Data         420  ntc.o(.constdata)
    ledhandlertask_attributes                0x08003c40   Data          36  main.o(.constdata)
    buttonhandlertask_attributes             0x08003c64   Data          36  main.o(.constdata)
    maintask_attributes                      0x08003c88   Data          36  main.o(.constdata)
    buzzerhandlertask_attributes             0x08003cac   Data          36  main.o(.constdata)
    errorhandlertask_attributes              0x08003cd0   Data          36  main.o(.constdata)
    AHBPrescTable                            0x08003cf4   Data          16  system_stm32f0xx.o(.constdata)
    APBPrescTable                            0x08003d04   Data           8  system_stm32f0xx.o(.constdata)
    Region$$Table$$Base                      0x08003d64   Number         0  anon$$obj.o(Region$$Table)
    Region$$Table$$Limit                     0x08003d84   Number         0  anon$$obj.o(Region$$Table)
    buzzer_flg                               0x20000000   Data           1  buzzer.o(.data)
    Current_Temp                             0x20000002   Data           2  brewing_process.o(.data)
    Current_Error                            0x20000004   Data           2  brewing_process.o(.data)
    Target_Temp                              0x20000006   Data           2  brewing_process.o(.data)
    Zero_Cross_Flag                          0x20000008   Data           1  zero_crosss.o(.data)
    Boiler_Timer_Duty_sample                 0x20000009   Data           1  boiler.o(.data)
    Zero_cross_cnt                           0x2000000a   Data           1  boiler.o(.data)
    Boiler_Timer_Duty                        0x2000000b   Data           1  boiler.o(.data)
    ledhandlertaskHandle                     0x2000000c   Data           4  main.o(.data)
    buttonhandlertaskHandle                  0x20000010   Data           4  main.o(.data)
    maintaskHandle                           0x20000014   Data           4  main.o(.data)
    buzzerhandlertaskHandle                  0x20000018   Data           4  main.o(.data)
    errorhandlertaskHandle                   0x2000001c   Data           4  main.o(.data)
    uwTickFreq                               0x20000020   Data           1  stm32f0xx_hal.o(.data)
    uwTickPrio                               0x20000024   Data           4  stm32f0xx_hal.o(.data)
    uwTick                                   0x20000028   Data           4  stm32f0xx_hal.o(.data)
    SystemCoreClock                          0x2000002c   Data           4  system_stm32f0xx.o(.data)
    pxCurrentTCB                             0x20000030   Data           4  tasks.o(.data)
    hadc                                     0x200000a0   Data          64  main.o(.bss)
    htim6                                    0x200000e0   Data          72  main.o(.bss)
    htim14                                   0x20000128   Data          72  main.o(.bss)
    htim1                                    0x20000170   Data          72  stm32f0xx_hal_timebase_tim.o(.bss)
    xQueueRegistry                           0x200001b8   Data          64  queue.o(.bss)
    __libspace_start                         0x200017a4   Data          96  libspace.o(.bss)
    __temporary_stack_top$libspace           0x20001804   Data           0  libspace.o(.bss)



==============================================================================

Memory Map of the image

  Image Entry point : 0x080000b5

  Load Region LR_IROM1 (Base: 0x08000000, Size: 0x00003e24, Max: 0x00010000, ABSOLUTE)

    Execution Region ER_IROM1 (Exec base: 0x08000000, Load base: 0x08000000, Size: 0x00003d84, Max: 0x00010000, ABSOLUTE)

    Exec Addr    Load Addr    Size         Type   Attr      Idx    E Section Name        Object

    0x08000000   0x08000000   0x000000b4   Data   RO            3    RESET               startup_stm32f030x8.o
    0x080000b4   0x080000b4   0x00000008   Code   RO         4938  * !!!main             c_p.l(__main.o)
    0x080000bc   0x080000bc   0x0000003c   Code   RO         5111    !!!scatter          c_p.l(__scatter.o)
    0x080000f8   0x080000f8   0x0000001a   Code   RO         5113    !!handler_copy      c_p.l(__scatter_copy.o)
    0x08000112   0x08000112   0x00000002   PAD
    0x08000114   0x08000114   0x0000001c   Code   RO         5115    !!handler_zi        c_p.l(__scatter_zi.o)
    0x08000130   0x08000130   0x00000002   Code   RO         4980    .ARM.Collect$$libinit$$00000000  c_p.l(libinit.o)
    0x08000132   0x08000132   0x00000000   Code   RO         4994    .ARM.Collect$$libinit$$00000002  c_p.l(libinit2.o)
    0x08000132   0x08000132   0x00000000   Code   RO         4996    .ARM.Collect$$libinit$$00000004  c_p.l(libinit2.o)
    0x08000132   0x08000132   0x00000000   Code   RO         4999    .ARM.Collect$$libinit$$0000000A  c_p.l(libinit2.o)
    0x08000132   0x08000132   0x00000000   Code   RO         5001    .ARM.Collect$$libinit$$0000000C  c_p.l(libinit2.o)
    0x08000132   0x08000132   0x00000000   Code   RO         5003    .ARM.Collect$$libinit$$0000000E  c_p.l(libinit2.o)
    0x08000132   0x08000132   0x00000000   Code   RO         5006    .ARM.Collect$$libinit$$00000011  c_p.l(libinit2.o)
    0x08000132   0x08000132   0x00000000   Code   RO         5008    .ARM.Collect$$libinit$$00000013  c_p.l(libinit2.o)
    0x08000132   0x08000132   0x00000000   Code   RO         5010    .ARM.Collect$$libinit$$00000015  c_p.l(libinit2.o)
    0x08000132   0x08000132   0x00000000   Code   RO         5012    .ARM.Collect$$libinit$$00000017  c_p.l(libinit2.o)
    0x08000132   0x08000132   0x00000000   Code   RO         5014    .ARM.Collect$$libinit$$00000019  c_p.l(libinit2.o)
    0x08000132   0x08000132   0x00000000   Code   RO         5016    .ARM.Collect$$libinit$$0000001B  c_p.l(libinit2.o)
    0x08000132   0x08000132   0x00000000   Code   RO         5018    .ARM.Collect$$libinit$$0000001D  c_p.l(libinit2.o)
    0x08000132   0x08000132   0x00000000   Code   RO         5020    .ARM.Collect$$libinit$$0000001F  c_p.l(libinit2.o)
    0x08000132   0x08000132   0x00000000   Code   RO         5022    .ARM.Collect$$libinit$$00000021  c_p.l(libinit2.o)
    0x08000132   0x08000132   0x00000000   Code   RO         5024    .ARM.Collect$$libinit$$00000023  c_p.l(libinit2.o)
    0x08000132   0x08000132   0x00000000   Code   RO         5026    .ARM.Collect$$libinit$$00000025  c_p.l(libinit2.o)
    0x08000132   0x08000132   0x00000000   Code   RO         5030    .ARM.Collect$$libinit$$0000002C  c_p.l(libinit2.o)
    0x08000132   0x08000132   0x00000000   Code   RO         5032    .ARM.Collect$$libinit$$0000002E  c_p.l(libinit2.o)
    0x08000132   0x08000132   0x00000000   Code   RO         5034    .ARM.Collect$$libinit$$00000030  c_p.l(libinit2.o)
    0x08000132   0x08000132   0x00000000   Code   RO         5036    .ARM.Collect$$libinit$$00000032  c_p.l(libinit2.o)
    0x08000132   0x08000132   0x00000002   Code   RO         5037    .ARM.Collect$$libinit$$00000033  c_p.l(libinit2.o)
    0x08000134   0x08000134   0x00000002   Code   RO         5068    .ARM.Collect$$libshutdown$$00000000  c_p.l(libshutdown.o)
    0x08000136   0x08000136   0x00000000   Code   RO         5094    .ARM.Collect$$libshutdown$$00000002  c_p.l(libshutdown2.o)
    0x08000136   0x08000136   0x00000000   Code   RO         5096    .ARM.Collect$$libshutdown$$00000004  c_p.l(libshutdown2.o)
    0x08000136   0x08000136   0x00000000   Code   RO         5099    .ARM.Collect$$libshutdown$$00000007  c_p.l(libshutdown2.o)
    0x08000136   0x08000136   0x00000000   Code   RO         5102    .ARM.Collect$$libshutdown$$0000000A  c_p.l(libshutdown2.o)
    0x08000136   0x08000136   0x00000000   Code   RO         5104    .ARM.Collect$$libshutdown$$0000000C  c_p.l(libshutdown2.o)
    0x08000136   0x08000136   0x00000000   Code   RO         5107    .ARM.Collect$$libshutdown$$0000000F  c_p.l(libshutdown2.o)
    0x08000136   0x08000136   0x00000002   Code   RO         5108    .ARM.Collect$$libshutdown$$00000010  c_p.l(libshutdown2.o)
    0x08000138   0x08000138   0x00000000   Code   RO         4940    .ARM.Collect$$rtentry$$00000000  c_p.l(__rtentry.o)
    0x08000138   0x08000138   0x00000000   Code   RO         4950    .ARM.Collect$$rtentry$$00000002  c_p.l(__rtentry2.o)
    0x08000138   0x08000138   0x00000006   Code   RO         4962    .ARM.Collect$$rtentry$$00000004  c_p.l(__rtentry4.o)
    0x0800013e   0x0800013e   0x00000000   Code   RO         4952    .ARM.Collect$$rtentry$$00000009  c_p.l(__rtentry2.o)
    0x0800013e   0x0800013e   0x00000004   Code   RO         4953    .ARM.Collect$$rtentry$$0000000A  c_p.l(__rtentry2.o)
    0x08000142   0x08000142   0x00000000   Code   RO         4955    .ARM.Collect$$rtentry$$0000000C  c_p.l(__rtentry2.o)
    0x08000142   0x08000142   0x00000008   Code   RO         4956    .ARM.Collect$$rtentry$$0000000D  c_p.l(__rtentry2.o)
    0x0800014a   0x0800014a   0x00000002   Code   RO         4985    .ARM.Collect$$rtexit$$00000000  c_p.l(rtexit.o)
    0x0800014c   0x0800014c   0x00000000   Code   RO         5041    .ARM.Collect$$rtexit$$00000002  c_p.l(rtexit2.o)
    0x0800014c   0x0800014c   0x00000004   Code   RO         5042    .ARM.Collect$$rtexit$$00000003  c_p.l(rtexit2.o)
    0x08000150   0x08000150   0x00000006   Code   RO         5043    .ARM.Collect$$rtexit$$00000004  c_p.l(rtexit2.o)
    0x08000156   0x08000156   0x00000002   PAD
    0x08000158   0x08000158   0x00000078   Code   RO         4851    .emb_text           port.o
    0x080001d0   0x080001d0   0x00000038   Code   RO         4922    .emb_text           c_p.l(rt_memcpy.o)
    0x08000208   0x08000208   0x00000038   Code   RO            4    .text               startup_stm32f030x8.o
    0x08000240   0x08000240   0x00000102   Code   RO         4920    .text               c_p.l(lludiv.o)
    0x08000342   0x08000342   0x00000082   Code   RO         4923    .text               c_p.l(rt_memcpy.o)
    0x080003c4   0x080003c4   0x00000012   Code   RO         4928    .text               c_p.l(aeabi_memset.o)
    0x080003d6   0x080003d6   0x00000040   Code   RO         4930    .text               c_p.l(rt_memclr.o)
    0x08000416   0x08000416   0x0000015a   Code   RO         4932    .text               c_p.l(aeabi_sdiv.o)
    0x08000570   0x08000570   0x00000006   Code   RO         4936    .text               c_p.l(heapauxi.o)
    0x08000576   0x08000576   0x0000003e   Code   RO         4966    .text               c_p.l(sys_stackheap_outer.o)
    0x080005b4   0x080005b4   0x00000010   Code   RO         4969    .text               c_p.l(exit.o)
    0x080005c4   0x080005c4   0x00000008   Code   RO         4981    .text               c_p.l(libspace.o)
    0x080005cc   0x080005cc   0x0000000c   Code   RO         5038    .text               c_p.l(sys_exit.o)
    0x080005d8   0x080005d8   0x00000002   Code   RO         5057    .text               c_p.l(use_no_semi.o)
    0x080005da   0x080005da   0x00000000   Code   RO         5059    .text               c_p.l(indicate_semi.o)
    0x080005da   0x080005da   0x00000002   PAD
    0x080005dc   0x080005dc   0x00000090   Code   RO          767    i.ADC_Enable        stm32f0xx_hal_adc.o
    0x0800066c   0x0800066c   0x00000034   Code   RO          447    i.ButtonHandler     main.o
    0x080006a0   0x080006a0   0x00000024   Code   RO          448    i.BuzzerHandler     main.o
    0x080006c4   0x080006c4   0x00000028   Code   RO          303    i.Buzzer_Beep_TIM_handler  buzzer.o
    0x080006ec   0x080006ec   0x0000000a   Code   RO          565    i.EXTI2_3_IRQHandler  stm32f0xx_it.o
    0x080006f6   0x080006f6   0x00000042   Code   RO          566    i.EXTI4_15_IRQHandler  stm32f0xx_it.o
    0x08000738   0x08000738   0x00000008   Code   RO          449    i.ErrorHandler      main.o
    0x08000740   0x08000740   0x00000068   Code   RO          279    i.Get_NTC_Temp      ntc.o
    0x080007a8   0x080007a8   0x00000110   Code   RO          769    i.HAL_ADC_ConfigChannel  stm32f0xx_hal_adc.o
    0x080008b8   0x080008b8   0x00000006   Code   RO          776    i.HAL_ADC_GetValue  stm32f0xx_hal_adc.o
    0x080008be   0x080008be   0x00000002   PAD
    0x080008c0   0x080008c0   0x00000178   Code   RO          778    i.HAL_ADC_Init      stm32f0xx_hal_adc.o
    0x08000a38   0x08000a38   0x00000058   Code   RO          626    i.HAL_ADC_MspInit   stm32f0xx_hal_msp.o
    0x08000a90   0x08000a90   0x000000c6   Code   RO          782    i.HAL_ADC_PollForConversion  stm32f0xx_hal_adc.o
    0x08000b56   0x08000b56   0x00000002   PAD
    0x08000b58   0x08000b58   0x0000005c   Code   RO          784    i.HAL_ADC_Start     stm32f0xx_hal_adc.o
    0x08000bb4   0x08000bb4   0x00000020   Code   RO          451    i.HAL_GPIO_EXTI_Callback  main.o
    0x08000bd4   0x08000bd4   0x00000018   Code   RO         1740    i.HAL_GPIO_EXTI_IRQHandler  stm32f0xx_hal_gpio.o
    0x08000bec   0x08000bec   0x000001a4   Code   RO         1741    i.HAL_GPIO_Init     stm32f0xx_hal_gpio.o
    0x08000d90   0x08000d90   0x0000000a   Code   RO         1743    i.HAL_GPIO_ReadPin  stm32f0xx_hal_gpio.o
    0x08000d9a   0x08000d9a   0x00000010   Code   RO         1744    i.HAL_GPIO_TogglePin  stm32f0xx_hal_gpio.o
    0x08000daa   0x08000daa   0x0000000c   Code   RO         1745    i.HAL_GPIO_WritePin  stm32f0xx_hal_gpio.o
    0x08000db6   0x08000db6   0x00000002   PAD
    0x08000db8   0x08000db8   0x0000000c   Code   RO         1093    i.HAL_GetTick       stm32f0xx_hal.o
    0x08000dc4   0x08000dc4   0x00000010   Code   RO         1099    i.HAL_IncTick       stm32f0xx_hal.o
    0x08000dd4   0x08000dd4   0x00000020   Code   RO         1100    i.HAL_Init          stm32f0xx_hal.o
    0x08000df4   0x08000df4   0x0000009c   Code   RO          669    i.HAL_InitTick      stm32f0xx_hal_timebase_tim.o
    0x08000e90   0x08000e90   0x00000030   Code   RO          627    i.HAL_MspInit       stm32f0xx_hal_msp.o
    0x08000ec0   0x08000ec0   0x00000018   Code   RO         1900    i.HAL_NVIC_EnableIRQ  stm32f0xx_hal_cortex.o
    0x08000ed8   0x08000ed8   0x00000008   Code   RO         1904    i.HAL_NVIC_SetPriority  stm32f0xx_hal_cortex.o
    0x08000ee0   0x08000ee0   0x00000108   Code   RO          959    i.HAL_RCC_ClockConfig  stm32f0xx_hal_rcc.o
    0x08000fe8   0x08000fe8   0x00000038   Code   RO          963    i.HAL_RCC_GetClockConfig  stm32f0xx_hal_rcc.o
    0x08001020   0x08001020   0x00000020   Code   RO          966    i.HAL_RCC_GetPCLK1Freq  stm32f0xx_hal_rcc.o
    0x08001040   0x08001040   0x00000080   Code   RO          967    i.HAL_RCC_GetSysClockFreq  stm32f0xx_hal_rcc.o
    0x080010c0   0x080010c0   0x00000388   Code   RO          970    i.HAL_RCC_OscConfig  stm32f0xx_hal_rcc.o
    0x08001448   0x08001448   0x00000002   Code   RO         3042    i.HAL_TIMEx_BreakCallback  stm32f0xx_hal_tim_ex.o
    0x0800144a   0x0800144a   0x00000002   Code   RO         3043    i.HAL_TIMEx_CommutCallback  stm32f0xx_hal_tim_ex.o
    0x0800144c   0x0800144c   0x00000048   Code   RO         2342    i.HAL_TIM_Base_Init  stm32f0xx_hal_tim.o
    0x08001494   0x08001494   0x0000005c   Code   RO          629    i.HAL_TIM_Base_MspInit  stm32f0xx_hal_msp.o
    0x080014f0   0x080014f0   0x00000050   Code   RO         2347    i.HAL_TIM_Base_Start_IT  stm32f0xx_hal_tim.o
    0x08001540   0x08001540   0x00000034   Code   RO         2350    i.HAL_TIM_Base_Stop_IT  stm32f0xx_hal_tim.o
    0x08001574   0x08001574   0x00000002   Code   RO         2376    i.HAL_TIM_IC_CaptureCallback  stm32f0xx_hal_tim.o
    0x08001576   0x08001576   0x00000162   Code   RO         2390    i.HAL_TIM_IRQHandler  stm32f0xx_hal_tim.o
    0x080016d8   0x080016d8   0x00000002   Code   RO         2393    i.HAL_TIM_OC_DelayElapsedCallback  stm32f0xx_hal_tim.o
    0x080016da   0x080016da   0x00000002   Code   RO         2420    i.HAL_TIM_PWM_PulseFinishedCallback  stm32f0xx_hal_tim.o
    0x080016dc   0x080016dc   0x0000001c   Code   RO          452    i.HAL_TIM_PeriodElapsedCallback  main.o
    0x080016f8   0x080016f8   0x00000002   Code   RO         2433    i.HAL_TIM_TriggerCallback  stm32f0xx_hal_tim.o
    0x080016fa   0x080016fa   0x00000002   Code   RO          567    i.HardFault_Handler  stm32f0xx_it.o
    0x080016fc   0x080016fc   0x00000028   Code   RO          453    i.LedHandler        main.o
    0x08001724   0x08001724   0x00000068   Code   RO          454    i.MX_ADC_Init       main.o
    0x0800178c   0x0800178c   0x00000160   Code   RO          455    i.MX_GPIO_Init      main.o
    0x080018ec   0x080018ec   0x0000001e   Code   RO          456    i.MainTaskHandler   main.o
    0x0800190a   0x0800190a   0x00000002   Code   RO          568    i.NMI_Handler       stm32f0xx_it.o
    0x0800190c   0x0800190c   0x00000018   Code   RO          343    i.Process_Handler   brewing_process.o
    0x08001924   0x08001924   0x00000002   Code   RO         4852    i.SVC_Handler       port.o
    0x08001926   0x08001926   0x00000002   PAD
    0x08001928   0x08001928   0x00000024   Code   RO         4853    i.SysTick_Handler   port.o
    0x0800194c   0x0800194c   0x00000060   Code   RO          457    i.SystemClock_Config  main.o
    0x080019ac   0x080019ac   0x00000002   Code   RO         3306    i.SystemInit        system_stm32f0xx.o
    0x080019ae   0x080019ae   0x00000002   PAD
    0x080019b0   0x080019b0   0x00000010   Code   RO          569    i.TIM14_IRQHandler  stm32f0xx_it.o
    0x080019c0   0x080019c0   0x00000010   Code   RO          570    i.TIM1_BRK_UP_TRG_COM_IRQHandler  stm32f0xx_it.o
    0x080019d0   0x080019d0   0x00000010   Code   RO          571    i.TIM6_IRQHandler   stm32f0xx_it.o
    0x080019e0   0x080019e0   0x00000088   Code   RO         2435    i.TIM_Base_SetConfig  stm32f0xx_hal_tim.o
    0x08001a68   0x08001a68   0x00000030   Code   RO         1044    i.__ARM_common_ll_muluu  stm32f0xx_hal_rcc.o
    0x08001a98   0x08001a98   0x0000001a   Code   RO         1891    i.__ARM_common_switch8  stm32f0xx_hal_dma.o
    0x08001ab2   0x08001ab2   0x00000002   PAD
    0x08001ab4   0x08001ab4   0x00000044   Code   RO         1910    i.__NVIC_SetPriority  stm32f0xx_hal_cortex.o
    0x08001af8   0x08001af8   0x00000010   Code   RO          394    i.boiler_Turn_Off   boiler.o
    0x08001b08   0x08001b08   0x00000010   Code   RO          395    i.boiler_Turn_On    boiler.o
    0x08001b18   0x08001b18   0x00000038   Code   RO          396    i.boiler_handler    boiler.o
    0x08001b50   0x08001b50   0x00000084   Code   RO          344    i.boiler_heat_up    brewing_process.o
    0x08001bd4   0x08001bd4   0x00000010   Code   RO          399    i.boiler_set_duty   boiler.o
    0x08001be4   0x08001be4   0x00000168   Code   RO          212    i.button_handler    button_driver.o
    0x08001d4c   0x08001d4c   0x000000b4   Code   RO          304    i.buzzer_handler    buzzer.o
    0x08001e00   0x08001e00   0x00000030   Code   RO          305    i.buzzer_off        buzzer.o
    0x08001e30   0x08001e30   0x00000020   Code   RO          306    i.buzzer_on         buzzer.o
    0x08001e50   0x08001e50   0x0000006c   Code   RO          213    i.check_button_press_validity  button_driver.o
    0x08001ebc   0x08001ebc   0x00000060   Code   RO          214    i.check_prog_mode   button_driver.o
    0x08001f1c   0x08001f1c   0x0000005c   Code   RO           12    i.led_Reset_all     led_driver.o
    0x08001f78   0x08001f78   0x00000030   Code   RO           13    i.led_function_button_blink  led_driver.o
    0x08001fa8   0x08001fa8   0x00000170   Code   RO           14    i.led_handler       led_driver.o
    0x08002118   0x08002118   0x000000b8   Code   RO           15    i.led_heat_up       led_driver.o
    0x080021d0   0x080021d0   0x000000cc   Code   RO          458    i.main              main.o
    0x0800229c   0x0800229c   0x00000034   Code   RO         4384    i.osDelay           cmsis_os2.o
    0x080022d0   0x080022d0   0x00000034   Code   RO         4398    i.osKernelInitialize  cmsis_os2.o
    0x08002304   0x08002304   0x0000003c   Code   RO         4401    i.osKernelStart     cmsis_os2.o
    0x08002340   0x08002340   0x00000064   Code   RO         4424    i.osThreadFlagsClear  cmsis_os2.o
    0x080023a4   0x080023a4   0x00000044   Code   RO         4425    i.osThreadFlagsGet  cmsis_os2.o
    0x080023e8   0x080023e8   0x00000084   Code   RO         4426    i.osThreadFlagsSet  cmsis_os2.o
    0x0800246c   0x0800246c   0x000000ac   Code   RO         4427    i.osThreadFlagsWait  cmsis_os2.o
    0x08002518   0x08002518   0x000000b0   Code   RO         4435    i.osThreadNew       cmsis_os2.o
    0x080025c8   0x080025c8   0x00000058   Code   RO         3893    i.prvAddCurrentTaskToDelayedList  tasks.o
    0x08002620   0x08002620   0x000000bc   Code   RO         3894    i.prvAddNewTaskToReadyList  tasks.o
    0x080026dc   0x080026dc   0x0000005c   Code   RO         4243    i.prvCheckForValidListAndQueue  timers.o
    0x08002738   0x08002738   0x00000026   Code   RO         3496    i.prvCopyDataFromQueue  queue.o
    0x0800275e   0x0800275e   0x00000070   Code   RO         3497    i.prvCopyDataToQueue  queue.o
    0x080027ce   0x080027ce   0x00000026   Code   RO         3895    i.prvDeleteTCB      tasks.o
    0x080027f4   0x080027f4   0x00000044   Code   RO         4802    i.prvHeapInit       heap_4.o
    0x08002838   0x08002838   0x0000004c   Code   RO         3896    i.prvIdleTask       tasks.o
    0x08002884   0x08002884   0x00000022   Code   RO         3499    i.prvInitialiseNewQueue  queue.o
    0x080028a6   0x080028a6   0x00000084   Code   RO         3897    i.prvInitialiseNewTask  tasks.o
    0x0800292a   0x0800292a   0x00000002   PAD
    0x0800292c   0x0800292c   0x0000004c   Code   RO         4803    i.prvInsertBlockIntoFreeList  heap_4.o
    0x08002978   0x08002978   0x00000038   Code   RO         4245    i.prvInsertTimerInActiveList  timers.o
    0x080029b0   0x080029b0   0x0000001c   Code   RO         3500    i.prvIsQueueEmpty   queue.o
    0x080029cc   0x080029cc   0x000000bc   Code   RO         4246    i.prvProcessReceivedCommands  timers.o
    0x08002a88   0x08002a88   0x0000009c   Code   RO         4247    i.prvProcessTimerOrBlockTask  timers.o
    0x08002b24   0x08002b24   0x00000020   Code   RO         3899    i.prvResetNextTaskUnblockTime  tasks.o
    0x08002b44   0x08002b44   0x00000028   Code   RO         4248    i.prvSampleTimeNow  timers.o
    0x08002b6c   0x08002b6c   0x00000060   Code   RO         4249    i.prvSwitchTimerLists  timers.o
    0x08002bcc   0x08002bcc   0x00000014   Code   RO         4854    i.prvTaskExitError  port.o
    0x08002be0   0x08002be0   0x00000024   Code   RO         4250    i.prvTimerTask      timers.o
    0x08002c04   0x08002c04   0x00000070   Code   RO         3501    i.prvUnlockQueue    queue.o
    0x08002c74   0x08002c74   0x00000018   Code   RO          709    i.pump_handler_timer_enable  pump.o
    0x08002c8c   0x08002c8c   0x000000b0   Code   RO         4804    i.pvPortMalloc      heap_4.o
    0x08002d3c   0x08002d3c   0x00000020   Code   RO         4855    i.pxPortInitialiseStack  port.o
    0x08002d5c   0x08002d5c   0x00000078   Code   RO           16    i.serve_process_button_blink  led_driver.o
    0x08002dd4   0x08002dd4   0x00000026   Code   RO         3459    i.uxListRemove      list.o
    0x08002dfa   0x08002dfa   0x00000002   PAD
    0x08002dfc   0x08002dfc   0x00000014   Code   RO         4447    i.vApplicationGetIdleTaskMemory  cmsis_os2.o
    0x08002e10   0x08002e10   0x00000014   Code   RO         4448    i.vApplicationGetTimerTaskMemory  cmsis_os2.o
    0x08002e24   0x08002e24   0x00000016   Code   RO         3460    i.vListInitialise   list.o
    0x08002e3a   0x08002e3a   0x00000006   Code   RO         3461    i.vListInitialiseItem  list.o
    0x08002e40   0x08002e40   0x00000030   Code   RO         3462    i.vListInsert       list.o
    0x08002e70   0x08002e70   0x00000018   Code   RO         3463    i.vListInsertEnd    list.o
    0x08002e88   0x08002e88   0x00000018   Code   RO         4857    i.vPortEnterCritical  port.o
    0x08002ea0   0x08002ea0   0x0000001c   Code   RO         4858    i.vPortExitCritical  port.o
    0x08002ebc   0x08002ebc   0x00000044   Code   RO         4805    i.vPortFree         heap_4.o
    0x08002f00   0x08002f00   0x00000018   Code   RO         4859    i.vPortYield        port.o
    0x08002f18   0x08002f18   0x00000024   Code   RO         3507    i.vQueueAddToRegistry  queue.o
    0x08002f3c   0x08002f3c   0x00000044   Code   RO         3511    i.vQueueWaitForMessageRestricted  queue.o
    0x08002f80   0x08002f80   0x00000030   Code   RO         3911    i.vTaskDelay        tasks.o
    0x08002fb0   0x08002fb0   0x00000010   Code   RO         3916    i.vTaskInternalSetTimeOutState  tasks.o
    0x08002fc0   0x08002fc0   0x0000000c   Code   RO         3917    i.vTaskMissedYield  tasks.o
    0x08002fcc   0x08002fcc   0x00000024   Code   RO         3919    i.vTaskPlaceOnEventList  tasks.o
    0x08002ff0   0x08002ff0   0x00000030   Code   RO         3920    i.vTaskPlaceOnEventListRestricted  tasks.o
    0x08003020   0x08003020   0x00000068   Code   RO         3928    i.vTaskStartScheduler  tasks.o
    0x08003088   0x08003088   0x00000010   Code   RO         3930    i.vTaskSuspendAll   tasks.o
    0x08003098   0x08003098   0x00000058   Code   RO         3931    i.vTaskSwitchContext  tasks.o
    0x080030f0   0x080030f0   0x00000050   Code   RO         4860    i.xPortStartScheduler  port.o
    0x08003140   0x08003140   0x00000040   Code   RO         3517    i.xQueueGenericCreateStatic  queue.o
    0x08003180   0x08003180   0x0000006c   Code   RO         3518    i.xQueueGenericReset  queue.o
    0x080031ec   0x080031ec   0x00000118   Code   RO         3519    i.xQueueGenericSend  queue.o
    0x08003304   0x08003304   0x0000008c   Code   RO         3520    i.xQueueGenericSendFromISR  queue.o
    0x08003390   0x08003390   0x00000102   Code   RO         3529    i.xQueueReceive     queue.o
    0x08003492   0x08003492   0x00000002   PAD
    0x08003494   0x08003494   0x0000005c   Code   RO         3932    i.xTaskCheckForTimeOut  tasks.o
    0x080034f0   0x080034f0   0x00000052   Code   RO         3933    i.xTaskCreate       tasks.o
    0x08003542   0x08003542   0x00000044   Code   RO         3934    i.xTaskCreateStatic  tasks.o
    0x08003586   0x08003586   0x00000002   PAD
    0x08003588   0x08003588   0x000000a4   Code   RO         3935    i.xTaskGenericNotify  tasks.o
    0x0800362c   0x0800362c   0x000000c4   Code   RO         3936    i.xTaskGenericNotifyFromISR  tasks.o
    0x080036f0   0x080036f0   0x0000000c   Code   RO         3937    i.xTaskGetCurrentTaskHandle  tasks.o
    0x080036fc   0x080036fc   0x00000020   Code   RO         3938    i.xTaskGetSchedulerState  tasks.o
    0x0800371c   0x0800371c   0x0000000c   Code   RO         3939    i.xTaskGetTickCount  tasks.o
    0x08003728   0x08003728   0x000000bc   Code   RO         3941    i.xTaskIncrementTick  tasks.o
    0x080037e4   0x080037e4   0x0000007c   Code   RO         3943    i.xTaskNotifyWait   tasks.o
    0x08003860   0x08003860   0x00000068   Code   RO         3944    i.xTaskPriorityDisinherit  tasks.o
    0x080038c8   0x080038c8   0x00000064   Code   RO         3946    i.xTaskRemoveFromEventList  tasks.o
    0x0800392c   0x0800392c   0x000000b0   Code   RO         3947    i.xTaskResumeAll    tasks.o
    0x080039dc   0x080039dc   0x00000058   Code   RO         4257    i.xTimerCreateTimerTask  timers.o
    0x08003a34   0x08003a34   0x00000054   Code   RO         4258    i.xTimerGenericCommand  timers.o
    0x08003a88   0x08003a88   0x00000014   Code   RO          371    i.zero_cross_handler  zero_crosss.o
    0x08003a9c   0x08003a9c   0x000001a4   Data   RO          280    .constdata          ntc.o
    0x08003c40   0x08003c40   0x000000b4   Data   RO          460    .constdata          main.o
    0x08003cf4   0x08003cf4   0x00000010   Data   RO         3307    .constdata          system_stm32f0xx.o
    0x08003d04   0x08003d04   0x00000008   Data   RO         3308    .constdata          system_stm32f0xx.o
    0x08003d0c   0x08003d0c   0x00000055   Data   RO          461    .conststring        main.o
    0x08003d61   0x08003d61   0x00000003   PAD
    0x08003d64   0x08003d64   0x00000020   Data   RO         5109    Region$$Table       anon$$obj.o


    Execution Region RW_IRAM1 (Exec base: 0x20000000, Load base: 0x08003d84, Size: 0x00001e08, Max: 0x00002000, ABSOLUTE)

    Exec Addr    Load Addr    Size         Type   Attr      Idx    E Section Name        Object

    0x20000000   0x08003d84   0x00000001   Data   RW          307    .data               buzzer.o
    0x20000001   0x08003d85   0x00000001   PAD
    0x20000002   0x08003d86   0x00000006   Data   RW          345    .data               brewing_process.o
    0x20000008   0x08003d8c   0x00000001   Data   RW          372    .data               zero_crosss.o
    0x20000009   0x08003d8d   0x00000003   Data   RW          401    .data               boiler.o
    0x2000000c   0x08003d90   0x00000014   Data   RW          462    .data               main.o
    0x20000020   0x08003da4   0x0000000c   Data   RW         1107    .data               stm32f0xx_hal.o
    0x2000002c   0x08003db0   0x00000004   Data   RW         3309    .data               system_stm32f0xx.o
    0x20000030   0x08003db4   0x0000003c   Data   RW         3950    .data               tasks.o
    0x2000006c   0x08003df0   0x00000014   Data   RW         4266    .data               timers.o
    0x20000080   0x08003e04   0x00000004   Data   RW         4450    .data               cmsis_os2.o
    0x20000084   0x08003e08   0x00000018   Data   RW         4810    .data               heap_4.o
    0x2000009c   0x08003e20   0x00000004   Data   RW         4861    .data               port.o
    0x200000a0        -       0x000000d0   Zero   RW          459    .bss                main.o
    0x20000170        -       0x00000048   Zero   RW          672    .bss                stm32f0xx_hal_timebase_tim.o
    0x200001b8        -       0x00000040   Zero   RW         3533    .bss                queue.o
    0x200001f8        -       0x000004c4   Zero   RW         3949    .bss                tasks.o
    0x200006bc        -       0x00000118   Zero   RW         4265    .bss                timers.o
    0x200007d4        -       0x000003d0   Zero   RW         4449    .bss                cmsis_os2.o
    0x20000ba4        -       0x00000c00   Zero   RW         4809    .bss                heap_4.o
    0x200017a4        -       0x00000060   Zero   RW         4982    .bss                c_p.l(libspace.o)
    0x20001804   0x08003e24   0x00000004   PAD
    0x20001808        -       0x00000200   Zero   RW            2    HEAP                startup_stm32f030x8.o
    0x20001a08        -       0x00000400   Zero   RW            1    STACK               startup_stm32f030x8.o


==============================================================================

Image component sizes


      Code (inc. data)   RO Data    RW Data    ZI Data      Debug   Object Name

       104         10          0          3          0       2610   boiler.o
       156          8          0          6          0       1683   brewing_process.o
       564         36          0          0          0       2735   button_driver.o
       300         46          0          1          0       2820   buzzer.o
       852         54          0          4        976      17333   cmsis_os2.o
         0          0          0          0          0      12572   event_groups.o
         0          0          0          0          0       5536   freertos.o
       388         22          0         24       3072       4247   heap_4.o
       812         38          0          0          0     272428   led_driver.o
       138          0          0          0          0       3430   list.o
       982         88        265         20        208       7490   main.o
       104          8        420          0          0       1561   ntc.o
       366         58          0          4          0       7008   port.o
        24          6          0          0          0        476   pump.o
      1278          4          0          0         64      15612   queue.o
        56         26        180          0       1536        648   startup_stm32f030x8.o
        60         16          0         12          0       6722   stm32f0xx_hal.o
      1088         48          0          0          0       5758   stm32f0xx_hal_adc.o
       100         14          0          0          0       9596   stm32f0xx_hal_cortex.o
        26          0          0          0          0         72   stm32f0xx_hal_dma.o
       482         30          0          0          0       3991   stm32f0xx_hal_gpio.o
       228         28          0          0          0       2187   stm32f0xx_hal_msp.o
      1432        102          0          0          0       5338   stm32f0xx_hal_rcc.o
       702         42          0          0          0       6984   stm32f0xx_hal_tim.o
         4          0          0          0          0       1569   stm32f0xx_hal_tim_ex.o
       156         26          0          0         72       1499   stm32f0xx_hal_timebase_tim.o
       128         18          0          0          0       3255   stm32f0xx_it.o
         0          0          0          0          0       9008   stream_buffer.o
         2          0         24          4          0       1147   system_stm32f0xx.o
      2272        204          0         60       1220      25391   tasks.o
       836         74          0         20        280       9235   timers.o
        20          6          0          1          0       1031   zero_crosss.o

    ----------------------------------------------------------------------
     13680       1012        924        160       7428     450972   Object Totals
         0          0         32          0          0          0   (incl. Generated)
        20          0          3          1          0          0   (incl. Padding)

    ----------------------------------------------------------------------

      Code (inc. data)   RO Data    RW Data    ZI Data      Debug   Library Member Name

         8          0          0          0          0         68   __main.o
         0          0          0          0          0          0   __rtentry.o
        12          0          0          0          0          0   __rtentry2.o
         6          0          0          0          0          0   __rtentry4.o
        60          8          0          0          0          0   __scatter.o
        26          0          0          0          0          0   __scatter_copy.o
        28          0          0          0          0          0   __scatter_zi.o
        18          0          0          0          0         68   aeabi_memset.o
       346          0          0          0          0         92   aeabi_sdiv.o
        16          0          0          0          0         68   exit.o
         6          0          0          0          0        136   heapauxi.o
         0          0          0          0          0          0   indicate_semi.o
         2          0          0          0          0          0   libinit.o
         2          0          0          0          0          0   libinit2.o
         2          0          0          0          0          0   libshutdown.o
         2          0          0          0          0          0   libshutdown2.o
         8          4          0          0         96         68   libspace.o
       258          0          0          0          0         88   lludiv.o
        64          0          0          0          0        108   rt_memclr.o
       186          0          0          0          0        144   rt_memcpy.o
         2          0          0          0          0          0   rtexit.o
        10          0          0          0          0          0   rtexit2.o
        12          4          0          0          0         60   sys_exit.o
        62          0          0          0          0         80   sys_stackheap_outer.o
         2          0          0          0          0         68   use_no_semi.o

    ----------------------------------------------------------------------
      1144         16          0          0        100       1048   Library Totals
         6          0          0          0          4          0   (incl. Padding)

    ----------------------------------------------------------------------

      Code (inc. data)   RO Data    RW Data    ZI Data      Debug   Library Name

      1138         16          0          0         96       1048   c_p.l

    ----------------------------------------------------------------------
      1144         16          0          0        100       1048   Library Totals

    ----------------------------------------------------------------------

==============================================================================


      Code (inc. data)   RO Data    RW Data    ZI Data      Debug   

     14824       1028        924        160       7528     444996   Grand Totals
     14824       1028        924        160       7528     444996   ELF Image Totals
     14824       1028        924        160          0          0   ROM Totals

==============================================================================

    Total RO  Size (Code + RO Data)                15748 (  15.38kB)
    Total RW  Size (RW Data + ZI Data)              7688 (   7.51kB)
    Total ROM Size (Code + RO Data + RW Data)      15908 (  15.54kB)

==============================================================================

